Archive member included to satisfy reference by file (symbol)

/usr/bin/../lib/gcc/arm-none-eabi/7.3.1/thumb/v7e-m/libgcc.a(_arm_addsubdf3.o)
                              build/main.o (__aeabi_i2d)
/usr/bin/../lib/gcc/arm-none-eabi/7.3.1/thumb/v7e-m/libgcc.a(_arm_cmpdf2.o)
                              build/main.o (__aeabi_dcmplt)
/usr/bin/../lib/gcc/arm-none-eabi/7.3.1/../../../../arm-none-eabi/lib/thumb/v7e-m/libg.a(lib_a-errno.o)
                              lib_build/syscalls.o (__errno)
/usr/bin/../lib/gcc/arm-none-eabi/7.3.1/../../../../arm-none-eabi/lib/thumb/v7e-m/libg.a(lib_a-impure.o)
                              /usr/bin/../lib/gcc/arm-none-eabi/7.3.1/../../../../arm-none-eabi/lib/thumb/v7e-m/libg.a(lib_a-errno.o) (_impure_ptr)
/usr/bin/../lib/gcc/arm-none-eabi/7.3.1/../../../../arm-none-eabi/lib/thumb/v7e-m/libg.a(lib_a-init.o)
                              lib_build/startup_XMC4500.o (__libc_init_array)
/usr/bin/../lib/gcc/arm-none-eabi/7.3.1/../../../../arm-none-eabi/lib/thumb/v7e-m/libg.a(lib_a-memcmp.o)
                              lib_build/HIDClassDevice.o (memcmp)
/usr/bin/../lib/gcc/arm-none-eabi/7.3.1/../../../../arm-none-eabi/lib/thumb/v7e-m/libg.a(lib_a-memcpy.o)
                              lib_build/xmc_usbd.o (memcpy)
/usr/bin/../lib/gcc/arm-none-eabi/7.3.1/../../../../arm-none-eabi/lib/thumb/v7e-m/libg.a(lib_a-memset.o)
                              lib_build/HIDClassDevice.o (memset)

Allocating common symbols
Common symbol       size              file

timeNumOff          0x180             build/main.o
USB_IsInitialized   0x1               lib_build/USBTask.o
timeMeasured        0x30              build/main.o
finalPassword       0x50              build/main.o
USB_DeviceState     0x1               lib_build/USBTask.o
timeCapsOn          0x60              build/main.o
event_handler_list  0x80              lib_build/xmc4_scu.o
buffer              0x8               build/KeyboardHID.o
endpoint0_in_buffer
                    0x100             lib_build/USBController_XMC4000.o
usbd_init           0x4               lib_build/xmc_usbd.o
USB_ControlRequest  0x8               lib_build/USBTask.o
timeNumOn           0x180             build/main.o
endpoint0_out_buffer
                    0x100             lib_build/USBController_XMC4000.o
xmc_device          0x208             lib_build/xmc_usbd.o
device              0x140             lib_build/USBController_XMC4000.o
timeCapsOff         0x60              build/main.o

Discarded input sections

 .group         0x0000000000000000        0xc build/main.o
 .group         0x0000000000000000        0xc build/main.o
 .group         0x0000000000000000        0xc build/main.o
 .group         0x0000000000000000        0xc build/main.o
 .group         0x0000000000000000        0xc build/main.o
 .group         0x0000000000000000        0xc build/main.o
 .group         0x0000000000000000        0xc build/main.o
 .group         0x0000000000000000        0xc build/main.o
 .group         0x0000000000000000        0xc build/main.o
 .group         0x0000000000000000        0xc build/main.o
 .group         0x0000000000000000        0xc build/main.o
 .group         0x0000000000000000        0xc build/main.o
 .group         0x0000000000000000        0xc build/main.o
 .group         0x0000000000000000        0xc build/main.o
 .group         0x0000000000000000        0xc build/main.o
 .group         0x0000000000000000        0xc build/main.o
 .group         0x0000000000000000        0xc build/main.o
 .group         0x0000000000000000        0xc build/main.o
 .group         0x0000000000000000        0xc build/main.o
 .group         0x0000000000000000        0xc build/main.o
 .group         0x0000000000000000        0xc build/main.o
 .group         0x0000000000000000        0xc build/main.o
 .group         0x0000000000000000        0xc build/main.o
 .group         0x0000000000000000        0xc build/main.o
 .group         0x0000000000000000        0xc build/main.o
 .group         0x0000000000000000        0xc build/main.o
 .group         0x0000000000000000        0xc build/main.o
 .group         0x0000000000000000        0xc build/main.o
 .group         0x0000000000000000        0xc build/main.o
 .group         0x0000000000000000        0xc build/main.o
 .group         0x0000000000000000        0xc build/main.o
 .group         0x0000000000000000        0xc build/main.o
 .group         0x0000000000000000        0xc build/main.o
 .group         0x0000000000000000        0xc build/main.o
 .group         0x0000000000000000        0xc build/main.o
 .group         0x0000000000000000        0xc build/main.o
 .group         0x0000000000000000        0xc build/main.o
 .group         0x0000000000000000        0xc build/main.o
 .group         0x0000000000000000        0xc build/main.o
 .group         0x0000000000000000        0xc build/main.o
 .group         0x0000000000000000        0xc build/main.o
 .group         0x0000000000000000        0xc build/main.o
[...]
Memory Configuration

Name             Origin             Length             Attributes
FLASH_1_cached   0x0000000008000000 0x0000000000100000 xr
FLASH_1_uncached 0x000000000c000000 0x0000000000100000 xr
PSRAM_1          0x0000000010000000 0x0000000000010000 !xr
DSRAM_1_system   0x0000000020000000 0x0000000000010000 !xr
DSRAM_2_comm     0x0000000030000000 0x0000000000008000 !xr
*default*        0x0000000000000000 0xffffffffffffffff

Linker script and memory map

LOAD build/main.o
LOAD build/KeyboardHID.o
LOAD build/Descriptors.o
LOAD lib_build/xmc4_scu.o
LOAD lib_build/xmc_gpio.o
LOAD lib_build/HIDClassDevice.o
LOAD lib_build/memcpy.o
LOAD lib_build/Endpoint_XMC4000.o
LOAD lib_build/EndpointStream_XMC4000.o
LOAD lib_build/USBController_XMC4000.o
LOAD lib_build/xmc_usbd.o
LOAD lib_build/ConfigDescriptors.o
LOAD lib_build/HostStandardReq.o
LOAD lib_build/USBTask.o
LOAD lib_build/Events.o
LOAD lib_build/startup_XMC4500.o
LOAD lib_build/system_XMC4500.o
LOAD lib_build/syscalls.o
START GROUP
LOAD /usr/bin/../lib/gcc/arm-none-eabi/7.3.1/thumb/v7e-m/libgcc.a
LOAD /usr/bin/../lib/gcc/arm-none-eabi/7.3.1/../../../../arm-none-eabi/lib/thumb/v7e-m/libg.a
LOAD /usr/bin/../lib/gcc/arm-none-eabi/7.3.1/../../../../arm-none-eabi/lib/thumb/v7e-m/libc.a
END GROUP
START GROUP
LOAD /usr/bin/../lib/gcc/arm-none-eabi/7.3.1/thumb/v7e-m/libgcc.a
LOAD /usr/bin/../lib/gcc/arm-none-eabi/7.3.1/../../../../arm-none-eabi/lib/thumb/v7e-m/libc.a
LOAD /usr/bin/../lib/gcc/arm-none-eabi/7.3.1/../../../../arm-none-eabi/lib/thumb/v7e-m/libnosys.a
END GROUP
                0x0000000000000800                stack_size = DEFINED (stack_size)?stack_size:0x800
                0x0000000000000040                no_init_size = 0x40

.text           0x0000000008000000     0x6e0c load address 0x000000000c000000
                0x0000000008000000                sText = .
 *(.reset)
 .reset         0x0000000008000000      0x2b2 lib_build/startup_XMC4500.o
                0x0000000008000000                __Vectors
                0x0000000008000200                Reset_Handler
                0x00000000080002b0                VADC0_C0_3_IRQHandler
                0x00000000080002b0                DSD0_7_IRQHandler
                0x00000000080002b0                DebugMon_Handler
                0x00000000080002b0                VADC0_C0_0_IRQHandler
                0x00000000080002b0                CAN0_4_IRQHandler
                0x00000000080002b0                VADC0_G2_0_IRQHandler
                0x00000000080002b0                USIC0_5_IRQHandler
                0x00000000080002b0                POSIF0_0_IRQHandler
                0x00000000080002b0                POSIF1_0_IRQHandler
                0x00000000080002b0                HardFault_Handler
                0x00000000080002b0                VADC0_G1_1_IRQHandler
                0x00000000080002b0                PendSV_Handler
                0x00000000080002b0                NMI_Handler
                0x00000000080002b0                USIC1_3_IRQHandler
                0x00000000080002b0                CCU40_2_IRQHandler
                0x00000000080002b0                SCU_0_IRQHandler
                0x00000000080002b0                ERU0_0_IRQHandler
                0x00000000080002b0                CCU41_0_IRQHandler
                0x00000000080002b0                USIC1_5_IRQHandler
                0x00000000080002b0                DSD0_4_IRQHandler
                0x00000000080002b0                CCU80_1_IRQHandler
                0x00000000080002b0                CCU81_0_IRQHandler
                0x00000000080002b0                UsageFault_Handler
                0x00000000080002b0                USIC0_0_IRQHandler
                0x00000000080002b0                POSIF1_1_IRQHandler
                0x00000000080002b0                ERU0_2_IRQHandler
                0x00000000080002b0                CCU81_1_IRQHandler
                0x00000000080002b0                ERU1_1_IRQHandler
                0x00000000080002b0                VADC0_G2_3_IRQHandler
                0x00000000080002b0                VADC0_G2_2_IRQHandler
                0x00000000080002b0                CCU42_3_IRQHandler
                0x00000000080002b0                ERU0_3_IRQHandler
                0x00000000080002b0                DSD0_5_IRQHandler
                0x00000000080002b0                CAN0_6_IRQHandler
                0x00000000080002b0                CCU43_0_IRQHandler
                0x00000000080002b0                VADC0_G0_1_IRQHandler
                0x00000000080002b0                CCU81_2_IRQHandler
                0x00000000080002b0                USIC2_4_IRQHandler
                0x00000000080002b0                CCU81_3_IRQHandler
                0x00000000080002b0                CCU42_1_IRQHandler
                0x00000000080002b0                USIC1_1_IRQHandler
                0x00000000080002b0                USIC2_5_IRQHandler
                0x00000000080002b0                CCU40_0_IRQHandler
                0x00000000080002b0                CAN0_0_IRQHandler
                0x00000000080002b0                ERU1_0_IRQHandler
                0x00000000080002b0                CCU42_2_IRQHandler
                0x00000000080002b0                Default_Handler
                0x00000000080002b0                USIC1_4_IRQHandler
                0x00000000080002b0                ERU1_3_IRQHandler
                0x00000000080002b0                USIC1_0_IRQHandler
                0x00000000080002b0                POSIF0_1_IRQHandler
                0x00000000080002b0                VADC0_G0_0_IRQHandler
                0x00000000080002b0                DSD0_2_IRQHandler
                0x00000000080002b0                CCU80_3_IRQHandler
                0x00000000080002b0                CCU41_3_IRQHandler
                0x00000000080002b0                CCU80_2_IRQHandler
                0x00000000080002b0                VADC0_G1_3_IRQHandler
                0x00000000080002b0                VADC0_G0_3_IRQHandler
                0x00000000080002b0                GPDMA0_0_IRQHandler
                0x00000000080002b0                PMU0_0_IRQHandler
                0x00000000080002b0                CAN0_7_IRQHandler
                0x00000000080002b0                DSD0_1_IRQHandler
                0x00000000080002b0                CCU41_2_IRQHandler
                0x00000000080002b0                VADC0_C0_1_IRQHandler
                0x00000000080002b0                CCU43_2_IRQHandler
                0x00000000080002b0                USIC2_2_IRQHandler
                0x00000000080002b0                MemManage_Handler
                0x00000000080002b0                VADC0_G3_1_IRQHandler
                0x00000000080002b0                DAC0_0_IRQHandler
                0x00000000080002b0                SVC_Handler
                0x00000000080002b0                VADC0_G3_3_IRQHandler
                0x00000000080002b0                ERU1_2_IRQHandler
                0x00000000080002b0                CCU41_1_IRQHandler
                0x00000000080002b0                DSD0_6_IRQHandler
                0x00000000080002b0                CCU43_1_IRQHandler
                0x00000000080002b0                VADC0_G1_2_IRQHandler
                0x00000000080002b0                USIC2_3_IRQHandler
                0x00000000080002b0                CAN0_2_IRQHandler
                0x00000000080002b0                USIC2_0_IRQHandler
                0x00000000080002b0                VADC0_G0_2_IRQHandler
                0x00000000080002b0                VADC0_G2_1_IRQHandler
                0x00000000080002b0                CAN0_3_IRQHandler
                0x00000000080002b0                ETH0_0_IRQHandler
                0x00000000080002b0                USIC0_3_IRQHandler
                0x00000000080002b0                DSD0_0_IRQHandler
                0x00000000080002b0                VADC0_C0_2_IRQHandler
                0x00000000080002b0                CCU42_0_IRQHandler
                0x00000000080002b0                FCE0_0_IRQHandler
                0x00000000080002b0                VADC0_G1_0_IRQHandler
                0x00000000080002b0                CAN0_5_IRQHandler
                0x00000000080002b0                CCU80_0_IRQHandler
                0x00000000080002b0                CCU40_1_IRQHandler
                0x00000000080002b0                USIC2_1_IRQHandler
                0x00000000080002b0                USIC0_1_IRQHandler
                0x00000000080002b0                VADC0_G3_2_IRQHandler
                0x00000000080002b0                CCU40_3_IRQHandler
                0x00000000080002b0                BusFault_Handler
                0x00000000080002b0                LEDTS0_0_IRQHandler
                0x00000000080002b0                USIC0_4_IRQHandler
                0x00000000080002b0                CCU43_3_IRQHandler
                0x00000000080002b0                ERU0_1_IRQHandler
                0x00000000080002b0                VADC0_G3_0_IRQHandler
                0x00000000080002b0                USIC1_2_IRQHandler
                0x00000000080002b0                DSD0_3_IRQHandler
                0x00000000080002b0                SDMMC0_0_IRQHandler
                0x00000000080002b0                CAN0_1_IRQHandler
                0x00000000080002b0                USIC0_2_IRQHandler
                0x00000000080002b0                DAC0_1_IRQHandler
                0x00000000080002b0                GPDMA1_0_IRQHandler
 *(.text .text.* .gnu.linkonce.t.*)
 .text          0x00000000080002b2        0x0 build/main.o
 *fill*         0x00000000080002b2        0x2 
 .text.__NVIC_SetPriority
                0x00000000080002b4       0x54 build/main.o
 .text.SysTick_Config
                0x0000000008000308       0x44 build/main.o
 .text.XMC_GPIO_SetOutputHigh
                0x000000000800034c       0x22 build/main.o
 .text.XMC_GPIO_SetOutputLow
                0x000000000800036e       0x24 build/main.o
 *fill*         0x0000000008000392        0x6 
 .text.main     0x0000000008000398       0x78 build/main.o
                0x0000000008000398                main
 .text.CALLBACK_HID_Device_CreateHIDReport
                0x0000000008000410      0x220 build/main.o
                0x0000000008000410                CALLBACK_HID_Device_CreateHIDReport
 .text.CALLBACK_HID_Device_ProcessHIDReport
                0x0000000008000630       0xf4 build/main.o
                0x0000000008000630                CALLBACK_HID_Device_ProcessHIDReport
 .text.SystemCoreClockSetup
                0x0000000008000724       0x34 build/main.o
                0x0000000008000724                SystemCoreClockSetup
 .text.SysTick_Handler
                0x0000000008000758       0x1c build/main.o
                0x0000000008000758                SysTick_Handler
 .text.FindMax  0x0000000008000774       0xe0 build/main.o
                0x0000000008000774                FindMax
 .text.ChooseModi
                0x0000000008000854       0x64 build/main.o
                0x0000000008000854                ChooseModi
 .text          0x00000000080008b8        0x0 build/KeyboardHID.o
 .text.__NVIC_GetPriorityGrouping
                0x00000000080008b8       0x1c build/KeyboardHID.o
 .text.__NVIC_EnableIRQ
                0x00000000080008d4       0x3c build/KeyboardHID.o
 .text.__NVIC_ClearPendingIRQ
                0x0000000008000910       0x3c build/KeyboardHID.o
 .text.__NVIC_SetPriority
                0x000000000800094c       0x54 build/KeyboardHID.o
 .text.NVIC_EncodePriority
                0x00000000080009a0       0x66 build/KeyboardHID.o
 *fill*         0x0000000008000a06        0x2 
 .text.USB0_0_IRQHandler
                0x0000000008000a08       0x14 build/KeyboardHID.o
                0x0000000008000a08                USB0_0_IRQHandler
 .text.USB_Init
                0x0000000008000a1c       0x44 build/KeyboardHID.o
                0x0000000008000a1c                USB_Init
 .text.EVENT_USB_Device_
                0x0000000008000a60        0xe build/KeyboardHID.o
                0x0000000008000a60                EVENT_USB_Device_
 .text.EVENT_USB_Device_Connect
                0x0000000008000a6e        0xe build/KeyboardHID.o
                0x0000000008000a6e                EVENT_USB_Device_Connect
 .text.EVENT_USB_Device_Reset
                0x0000000008000a7c       0x30 build/KeyboardHID.o
                0x0000000008000a7c                EVENT_USB_Device_Reset
 .text.EVENT_USB_Device_ConfigurationChanged
                0x0000000008000aac       0x50 build/KeyboardHID.o
                0x0000000008000aac                EVENT_USB_Device_ConfigurationChanged
 .text.EVENT_USB_Device_ControlRequest
                0x0000000008000afc       0x14 build/KeyboardHID.o
                0x0000000008000afc                EVENT_USB_Device_ControlRequest
 .text.CALLBACK_HIDParser_FilterHIDReportItem
                0x0000000008000b10       0x16 build/KeyboardHID.o
                0x0000000008000b10                CALLBACK_HIDParser_FilterHIDReportItem
 .text          0x0000000008000b26        0x0 build/Descriptors.o
 *fill*         0x0000000008000b26        0x2 
 .text.CALLBACK_USB_GetDescriptor
                0x0000000008000b28      0x144 build/Descriptors.o
                0x0000000008000b28                CALLBACK_USB_GetDescriptor
 .text          0x0000000008000c6c        0x0 lib_build/xmc4_scu.o
 .text.XMC_SCU_CLOCK_GetUsbClockSource
                0x0000000008000c6c       0x1c lib_build/xmc4_scu.o
 .text.XMC_SCU_CLOCK_GetWdtClockSource
                0x0000000008000c88       0x1c lib_build/xmc4_scu.o
 .text.XMC_SCU_CLOCK_GetExternalOutputClockSource
                0x0000000008000ca4       0x20 lib_build/xmc4_scu.o
 .text.XMC_SCU_CLOCK_GetSystemClockFrequency
                0x0000000008000cc4       0x28 lib_build/xmc4_scu.o
 .text.XMC_SCU_CLOCK_GetCpuClockFrequency
                0x0000000008000cec       0x18 lib_build/xmc4_scu.o
 .text.XMC_SCU_GetMirrorStatus
                0x0000000008000d04       0x18 lib_build/xmc4_scu.o
 .text.XMC_SCU_lDelay
                0x0000000008000d1c       0x48 lib_build/xmc4_scu.o
 .text.XMC_SCU_INTERRUPT_EnableEvent
                0x0000000008000d64       0x24 lib_build/xmc4_scu.o
                0x0000000008000d64                XMC_SCU_INTERRUPT_EnableEvent
 .text.XMC_SCU_INTERRUPT_DisableEvent
                0x0000000008000d88       0x28 lib_build/xmc4_scu.o
                0x0000000008000d88                XMC_SCU_INTERRUPT_DisableEvent
 .text.XMC_SCU_INTERRUPT_TriggerEvent
                0x0000000008000db0       0x24 lib_build/xmc4_scu.o
                0x0000000008000db0                XMC_SCU_INTERRUPT_TriggerEvent
 .text.XMC_SCU_INTERUPT_GetEventStatus
                0x0000000008000dd4       0x18 lib_build/xmc4_scu.o
                0x0000000008000dd4                XMC_SCU_INTERUPT_GetEventStatus
 .text.XMC_SCU_INTERRUPT_ClearEventStatus
                0x0000000008000dec       0x20 lib_build/xmc4_scu.o
                0x0000000008000dec                XMC_SCU_INTERRUPT_ClearEventStatus
 .text.XMC_SCU_GetBootMode
                0x0000000008000e0c       0x1c lib_build/xmc4_scu.o
                0x0000000008000e0c                XMC_SCU_GetBootMode
 .text.XMC_SCU_SetBootMode
                0x0000000008000e28       0x20 lib_build/xmc4_scu.o
                0x0000000008000e28                XMC_SCU_SetBootMode
 .text.XMC_SCU_ReadGPR
                0x0000000008000e48       0x24 lib_build/xmc4_scu.o
                0x0000000008000e48                XMC_SCU_ReadGPR
 .text.XMC_SCU_WriteGPR
                0x0000000008000e6c       0x28 lib_build/xmc4_scu.o
                0x0000000008000e6c                XMC_SCU_WriteGPR
 .text.XMC_SCU_EnableOutOfRangeComparator
                0x0000000008000e94       0x38 lib_build/xmc4_scu.o
                0x0000000008000e94                XMC_SCU_EnableOutOfRangeComparator
 .text.XMC_SCU_DisableOutOfRangeComparator
                0x0000000008000ecc       0x3c lib_build/xmc4_scu.o
                0x0000000008000ecc                XMC_SCU_DisableOutOfRangeComparator
 .text.XMC_SCU_CalibrateTemperatureSensor
                0x0000000008000f08       0x30 lib_build/xmc4_scu.o
                0x0000000008000f08                XMC_SCU_CalibrateTemperatureSensor
 .text.XMC_SCU_EnableTemperatureSensor
                0x0000000008000f38       0x24 lib_build/xmc4_scu.o
                0x0000000008000f38                XMC_SCU_EnableTemperatureSensor
 .text.XMC_SCU_DisableTemperatureSensor
                0x0000000008000f5c       0x24 lib_build/xmc4_scu.o
                0x0000000008000f5c                XMC_SCU_DisableTemperatureSensor
 .text.XMC_SCU_IsTemperatureSensorEnabled
                0x0000000008000f80       0x28 lib_build/xmc4_scu.o
                0x0000000008000f80                XMC_SCU_IsTemperatureSensorEnabled
 .text.XMC_SCU_IsTemperatureSensorReady
                0x0000000008000fa8       0x28 lib_build/xmc4_scu.o
                0x0000000008000fa8                XMC_SCU_IsTemperatureSensorReady
 .text.XMC_SCU_StartTemperatureMeasurement
                0x0000000008000fd0       0x4c lib_build/xmc4_scu.o
                0x0000000008000fd0                XMC_SCU_StartTemperatureMeasurement
 .text.XMC_SCU_GetTemperatureMeasurement
                0x000000000800101c       0x38 lib_build/xmc4_scu.o
                0x000000000800101c                XMC_SCU_GetTemperatureMeasurement
 .text.XMC_SCU_IsTemperatureSensorBusy
                0x0000000008001054       0x28 lib_build/xmc4_scu.o
                0x0000000008001054                XMC_SCU_IsTemperatureSensorBusy
 .text.XMC_SCU_WriteToRetentionMemory
                0x000000000800107c       0x4c lib_build/xmc4_scu.o
                0x000000000800107c                XMC_SCU_WriteToRetentionMemory
 .text.XMC_SCU_ReadFromRetentionMemory
                0x00000000080010c8       0x48 lib_build/xmc4_scu.o
                0x00000000080010c8                XMC_SCU_ReadFromRetentionMemory
 .text.XMC_SCU_CLOCK_Init
                0x0000000008001110       0xe6 lib_build/xmc4_scu.o
                0x0000000008001110                XMC_SCU_CLOCK_Init
 *fill*         0x00000000080011f6        0x2 
 .text.XMC_SCU_TRAP_Enable
                0x00000000080011f8       0x28 lib_build/xmc4_scu.o
                0x00000000080011f8                XMC_SCU_TRAP_Enable
 .text.XMC_SCU_TRAP_Disable
                0x0000000008001220       0x24 lib_build/xmc4_scu.o
                0x0000000008001220                XMC_SCU_TRAP_Disable
 .text.XMC_SCU_TRAP_GetStatus
                0x0000000008001244       0x18 lib_build/xmc4_scu.o
                0x0000000008001244                XMC_SCU_TRAP_GetStatus
 .text.XMC_SCU_TRAP_Trigger
                0x000000000800125c       0x20 lib_build/xmc4_scu.o
                0x000000000800125c                XMC_SCU_TRAP_Trigger
 .text.XMC_SCU_TRAP_ClearStatus
                0x000000000800127c       0x20 lib_build/xmc4_scu.o
                0x000000000800127c                XMC_SCU_TRAP_ClearStatus
 .text.XMC_SCU_PARITY_ClearStatus
                0x000000000800129c       0x24 lib_build/xmc4_scu.o
                0x000000000800129c                XMC_SCU_PARITY_ClearStatus
 .text.XMC_SCU_PARITY_GetStatus
                0x00000000080012c0       0x18 lib_build/xmc4_scu.o
                0x00000000080012c0                XMC_SCU_PARITY_GetStatus
 .text.XMC_SCU_PARITY_Enable
                0x00000000080012d8       0x24 lib_build/xmc4_scu.o
                0x00000000080012d8                XMC_SCU_PARITY_Enable
 .text.XMC_SCU_PARITY_Disable
                0x00000000080012fc       0x28 lib_build/xmc4_scu.o
                0x00000000080012fc                XMC_SCU_PARITY_Disable
 .text.XMC_SCU_PARITY_EnableTrapGeneration
                0x0000000008001324       0x24 lib_build/xmc4_scu.o
                0x0000000008001324                XMC_SCU_PARITY_EnableTrapGeneration
 .text.XMC_SCU_PARITY_DisableTrapGeneration
                0x0000000008001348       0x28 lib_build/xmc4_scu.o
                0x0000000008001348                XMC_SCU_PARITY_DisableTrapGeneration
 .text.XMC_SCU_INTERRUPT_EnableNmiRequest
                0x0000000008001370       0x24 lib_build/xmc4_scu.o
                0x0000000008001370                XMC_SCU_INTERRUPT_EnableNmiRequest
 .text.XMC_SCU_INTERRUPT_DisableNmiRequest
                0x0000000008001394       0x28 lib_build/xmc4_scu.o
                0x0000000008001394                XMC_SCU_INTERRUPT_DisableNmiRequest
 .text.XMC_SCU_RESET_AssertPeripheralReset
                0x00000000080013bc       0x3c lib_build/xmc4_scu.o
                0x00000000080013bc                XMC_SCU_RESET_AssertPeripheralReset
 .text.XMC_SCU_RESET_DeassertPeripheralReset
                0x00000000080013f8       0x3c lib_build/xmc4_scu.o
                0x00000000080013f8                XMC_SCU_RESET_DeassertPeripheralReset
 .text.XMC_SCU_RESET_IsPeripheralResetAsserted
                0x0000000008001434       0x48 lib_build/xmc4_scu.o
                0x0000000008001434                XMC_SCU_RESET_IsPeripheralResetAsserted
 .text.XMC_SCU_CLOCK_GetSystemPllClockFrequency
                0x000000000800147c       0x7c lib_build/xmc4_scu.o
                0x000000000800147c                XMC_SCU_CLOCK_GetSystemPllClockFrequency
 .text.XMC_SCU_CLOCK_GetSystemPllClockSourceFrequency
                0x00000000080014f8       0x30 lib_build/xmc4_scu.o
                0x00000000080014f8                XMC_SCU_CLOCK_GetSystemPllClockSourceFrequency
 .text.XMC_SCU_CLOCK_GetUsbPllClockFrequency
                0x0000000008001528       0x54 lib_build/xmc4_scu.o
                0x0000000008001528                XMC_SCU_CLOCK_GetUsbPllClockFrequency
 .text.XMC_SCU_CLOCK_GetCcuClockFrequency
                0x000000000800157c       0x2c lib_build/xmc4_scu.o
                0x000000000800157c                XMC_SCU_CLOCK_GetCcuClockFrequency
 .text.XMC_SCU_CLOCK_GetUsbClockFrequency
                0x00000000080015a8       0x48 lib_build/xmc4_scu.o
                0x00000000080015a8                XMC_SCU_CLOCK_GetUsbClockFrequency
 .text.XMC_SCU_CLOCK_GetEbuClockFrequency
                0x00000000080015f0       0x28 lib_build/xmc4_scu.o
                0x00000000080015f0                XMC_SCU_CLOCK_GetEbuClockFrequency
 .text.XMC_SCU_CLOCK_GetWdtClockFrequency
                0x0000000008001618       0x58 lib_build/xmc4_scu.o
                0x0000000008001618                XMC_SCU_CLOCK_GetWdtClockFrequency
 .text.XMC_SCU_CLOCK_GetExternalOutputClockFrequency
                0x0000000008001670       0x70 lib_build/xmc4_scu.o
                0x0000000008001670                XMC_SCU_CLOCK_GetExternalOutputClockFrequency
 .text.XMC_SCU_CLOCK_GetPeripheralClockFrequency
                0x00000000080016e0       0x20 lib_build/xmc4_scu.o
                0x00000000080016e0                XMC_SCU_CLOCK_GetPeripheralClockFrequency
 .text.XMC_SCU_CLOCK_SetSystemClockSource
                0x0000000008001700       0x28 lib_build/xmc4_scu.o
                0x0000000008001700                XMC_SCU_CLOCK_SetSystemClockSource
 .text.XMC_SCU_CLOCK_SetUsbClockSource
                0x0000000008001728       0x28 lib_build/xmc4_scu.o
                0x0000000008001728                XMC_SCU_CLOCK_SetUsbClockSource
 .text.XMC_SCU_CLOCK_SetWdtClockSource
                0x0000000008001750       0x28 lib_build/xmc4_scu.o
                0x0000000008001750                XMC_SCU_CLOCK_SetWdtClockSource
 .text.XMC_SCU_CLOCK_SetExternalOutputClockSource
                0x0000000008001778       0x2c lib_build/xmc4_scu.o
                0x0000000008001778                XMC_SCU_CLOCK_SetExternalOutputClockSource
 .text.XMC_SCU_CLOCK_SetSystemPllClockSource
                0x00000000080017a4       0x44 lib_build/xmc4_scu.o
                0x00000000080017a4                XMC_SCU_CLOCK_SetSystemPllClockSource
 .text.XMC_SCU_HIB_SetRtcClockSource
                0x00000000080017e8       0x40 lib_build/xmc4_scu.o
                0x00000000080017e8                XMC_SCU_HIB_SetRtcClockSource
 .text.XMC_SCU_HIB_SetStandbyClockSource
                0x0000000008001828       0x40 lib_build/xmc4_scu.o
                0x0000000008001828                XMC_SCU_HIB_SetStandbyClockSource
 .text.XMC_SCU_CLOCK_SetSystemClockDivider
                0x0000000008001868       0x2c lib_build/xmc4_scu.o
                0x0000000008001868                XMC_SCU_CLOCK_SetSystemClockDivider
 .text.XMC_SCU_CLOCK_SetCcuClockDivider
                0x0000000008001894       0x2c lib_build/xmc4_scu.o
                0x0000000008001894                XMC_SCU_CLOCK_SetCcuClockDivider
 .text.XMC_SCU_CLOCK_SetCpuClockDivider
                0x00000000080018c0       0x2c lib_build/xmc4_scu.o
                0x00000000080018c0                XMC_SCU_CLOCK_SetCpuClockDivider
 .text.XMC_SCU_CLOCK_SetPeripheralClockDivider
                0x00000000080018ec       0x2c lib_build/xmc4_scu.o
                0x00000000080018ec                XMC_SCU_CLOCK_SetPeripheralClockDivider
 .text.XMC_SCU_CLOCK_SetUsbClockDivider
                0x0000000008001918       0x2c lib_build/xmc4_scu.o
                0x0000000008001918                XMC_SCU_CLOCK_SetUsbClockDivider
 .text.XMC_SCU_CLOCK_SetEbuClockDivider
                0x0000000008001944       0x2c lib_build/xmc4_scu.o
                0x0000000008001944                XMC_SCU_CLOCK_SetEbuClockDivider
 .text.XMC_SCU_CLOCK_SetWdtClockDivider
                0x0000000008001970       0x2c lib_build/xmc4_scu.o
                0x0000000008001970                XMC_SCU_CLOCK_SetWdtClockDivider
 .text.XMC_SCU_CLOCK_SetExternalOutputClockDivider
                0x000000000800199c       0x30 lib_build/xmc4_scu.o
                0x000000000800199c                XMC_SCU_CLOCK_SetExternalOutputClockDivider
 .text.XMC_SCU_CLOCK_EnableClock
                0x00000000080019cc       0x20 lib_build/xmc4_scu.o
                0x00000000080019cc                XMC_SCU_CLOCK_EnableClock
 .text.XMC_SCU_CLOCK_DisableClock
                0x00000000080019ec       0x20 lib_build/xmc4_scu.o
                0x00000000080019ec                XMC_SCU_CLOCK_DisableClock
 .text.XMC_SCU_CLOCK_IsClockEnabled
                0x0000000008001a0c       0x2c lib_build/xmc4_scu.o
                0x0000000008001a0c                XMC_SCU_CLOCK_IsClockEnabled
 .text.XMC_SCU_POWER_GetEVR13Voltage
                0x0000000008001a38       0x30 lib_build/xmc4_scu.o
                0x0000000008001a38                XMC_SCU_POWER_GetEVR13Voltage
 .text.XMC_SCU_POWER_GetEVR33Voltage
                0x0000000008001a68       0x34 lib_build/xmc4_scu.o
                0x0000000008001a68                XMC_SCU_POWER_GetEVR33Voltage
 .text.XMC_SCU_CLOCK_EnableUsbPll
                0x0000000008001a9c       0x24 lib_build/xmc4_scu.o
                0x0000000008001a9c                XMC_SCU_CLOCK_EnableUsbPll
 .text.XMC_SCU_CLOCK_DisableUsbPll
                0x0000000008001ac0       0x24 lib_build/xmc4_scu.o
                0x0000000008001ac0                XMC_SCU_CLOCK_DisableUsbPll
 .text.XMC_SCU_CLOCK_StartUsbPll
                0x0000000008001ae4       0x78 lib_build/xmc4_scu.o
                0x0000000008001ae4                XMC_SCU_CLOCK_StartUsbPll
 .text.XMC_SCU_CLOCK_StopUsbPll
                0x0000000008001b5c       0x1c lib_build/xmc4_scu.o
                0x0000000008001b5c                XMC_SCU_CLOCK_StopUsbPll
 .text.XMC_SCU_CLOCK_SetBackupClockCalibrationMode
                0x0000000008001b78       0x4c lib_build/xmc4_scu.o
                0x0000000008001b78                XMC_SCU_CLOCK_SetBackupClockCalibrationMode
 .text.XMC_SCU_POWER_EnableUsb
                0x0000000008001bc4       0x1c lib_build/xmc4_scu.o
                0x0000000008001bc4                XMC_SCU_POWER_EnableUsb
 .text.XMC_SCU_POWER_DisableUsb
                0x0000000008001be0       0x1c lib_build/xmc4_scu.o
                0x0000000008001be0                XMC_SCU_POWER_DisableUsb
 .text.XMC_SCU_CLOCK_IsUsbPllLocked
                0x0000000008001bfc       0x24 lib_build/xmc4_scu.o
                0x0000000008001bfc                XMC_SCU_CLOCK_IsUsbPllLocked
 .text.XMC_SCU_HIB_EnableHibernateDomain
                0x0000000008001c20       0x58 lib_build/xmc4_scu.o
                0x0000000008001c20                XMC_SCU_HIB_EnableHibernateDomain
 .text.XMC_SCU_HIB_DisableHibernateDomain
                0x0000000008001c78       0x24 lib_build/xmc4_scu.o
                0x0000000008001c78                XMC_SCU_HIB_DisableHibernateDomain
 .text.XMC_SCU_HIB_IsHibernateDomainEnabled
                0x0000000008001c9c       0x3c lib_build/xmc4_scu.o
                0x0000000008001c9c                XMC_SCU_HIB_IsHibernateDomainEnabled
 .text.XMC_SCU_HIB_EnableInternalSlowClock
                0x0000000008001cd8       0x34 lib_build/xmc4_scu.o
                0x0000000008001cd8                XMC_SCU_HIB_EnableInternalSlowClock
 .text.XMC_SCU_HIB_DisableInternalSlowClock
                0x0000000008001d0c       0x34 lib_build/xmc4_scu.o
                0x0000000008001d0c                XMC_SCU_HIB_DisableInternalSlowClock
 .text.XMC_SCU_HIB_ClearEventStatus
                0x0000000008001d40       0x34 lib_build/xmc4_scu.o
                0x0000000008001d40                XMC_SCU_HIB_ClearEventStatus
 .text.XMC_SCU_HIB_TriggerEvent
                0x0000000008001d74       0x34 lib_build/xmc4_scu.o
                0x0000000008001d74                XMC_SCU_HIB_TriggerEvent
 .text.XMC_SCU_HIB_EnableEvent
                0x0000000008001da8       0x38 lib_build/xmc4_scu.o
                0x0000000008001da8                XMC_SCU_HIB_EnableEvent
 .text.XMC_SCU_HIB_DisableEvent
                0x0000000008001de0       0x3c lib_build/xmc4_scu.o
                0x0000000008001de0                XMC_SCU_HIB_DisableEvent
 .text.XMC_SCU_HIB_EnterHibernateState
                0x0000000008001e1c       0x34 lib_build/xmc4_scu.o
                0x0000000008001e1c                XMC_SCU_HIB_EnterHibernateState
 .text.XMC_SCU_HIB_EnterHibernateStateEx
                0x0000000008001e50       0x1c lib_build/xmc4_scu.o
                0x0000000008001e50                XMC_SCU_HIB_EnterHibernateStateEx
 .text.XMC_SCU_HIB_SetWakeupTriggerInput
                0x0000000008001e6c       0x50 lib_build/xmc4_scu.o
                0x0000000008001e6c                XMC_SCU_HIB_SetWakeupTriggerInput
 .text.XMC_SCU_HIB_SetPinMode
                0x0000000008001ebc       0x54 lib_build/xmc4_scu.o
                0x0000000008001ebc                XMC_SCU_HIB_SetPinMode
 .text.XMC_SCU_HIB_SetPinOutputLevel
                0x0000000008001f10       0x58 lib_build/xmc4_scu.o
                0x0000000008001f10                XMC_SCU_HIB_SetPinOutputLevel
 .text.XMC_SCU_HIB_SetInput0
                0x0000000008001f68       0x50 lib_build/xmc4_scu.o
                0x0000000008001f68                XMC_SCU_HIB_SetInput0
 .text.XMC_SCU_HIB_SetSR0Input
                0x0000000008001fb8       0x40 lib_build/xmc4_scu.o
                0x0000000008001fb8                XMC_SCU_HIB_SetSR0Input
 .text.XMC_SCU_CLOCK_IsLowPowerOscillatorStable
                0x0000000008001ff8       0x24 lib_build/xmc4_scu.o
                0x0000000008001ff8                XMC_SCU_CLOCK_IsLowPowerOscillatorStable
 .text.XMC_SCU_CLOCK_EnableLowPowerOscillator
                0x000000000800201c       0x6c lib_build/xmc4_scu.o
                0x000000000800201c                XMC_SCU_CLOCK_EnableLowPowerOscillator
 .text.XMC_SCU_CLOCK_DisableLowPowerOscillator
                0x0000000008002088       0x34 lib_build/xmc4_scu.o
                0x0000000008002088                XMC_SCU_CLOCK_DisableLowPowerOscillator
 .text.XMC_SCU_CLOCK_EnableLowPowerOscillatorGeneralPurposeInput
                0x00000000080020bc       0x34 lib_build/xmc4_scu.o
                0x00000000080020bc                XMC_SCU_CLOCK_EnableLowPowerOscillatorGeneralPurposeInput
 .text.XMC_SCU_CLOCK_DisableLowPowerOscillatorGeneralPurposeInput
                0x00000000080020f0       0x38 lib_build/xmc4_scu.o
                0x00000000080020f0                XMC_SCU_CLOCK_DisableLowPowerOscillatorGeneralPurposeInput
 .text.XMC_SCU_CLOCK_GetLowPowerOscillatorGeneralPurposeInputStatus
                0x0000000008002128       0x1c lib_build/xmc4_scu.o
                0x0000000008002128                XMC_SCU_CLOCK_GetLowPowerOscillatorGeneralPurposeInputStatus
 .text.XMC_SCU_CLOCK_EnableHighPerformanceOscillator
                0x0000000008002144       0x50 lib_build/xmc4_scu.o
                0x0000000008002144                XMC_SCU_CLOCK_EnableHighPerformanceOscillator
 .text.XMC_SCU_CLOCK_IsHighPerformanceOscillatorStable
                0x0000000008002194       0x28 lib_build/xmc4_scu.o
                0x0000000008002194                XMC_SCU_CLOCK_IsHighPerformanceOscillatorStable
 .text.XMC_SCU_CLOCK_DisableHighPerformanceOscillator
                0x00000000080021bc       0x20 lib_build/xmc4_scu.o
                0x00000000080021bc                XMC_SCU_CLOCK_DisableHighPerformanceOscillator
 .text.XMC_SCU_CLOCK_EnableHighPerformanceOscillatorGeneralPurposeInput
                0x00000000080021dc       0x20 lib_build/xmc4_scu.o
                0x00000000080021dc                XMC_SCU_CLOCK_EnableHighPerformanceOscillatorGeneralPurposeInput
 .text.XMC_SCU_CLOCK_DisableHighPerformanceOscillatorGeneralPurposeInput
                0x00000000080021fc       0x20 lib_build/xmc4_scu.o
                0x00000000080021fc                XMC_SCU_CLOCK_DisableHighPerformanceOscillatorGeneralPurposeInput
 .text.XMC_SCU_CLOCK_GetHighPerformanceOscillatorGeneralPurposeInputStatus
                0x000000000800221c       0x1c lib_build/xmc4_scu.o
                0x000000000800221c                XMC_SCU_CLOCK_GetHighPerformanceOscillatorGeneralPurposeInputStatus
 .text.XMC_SCU_CLOCK_EnableSystemPll
                0x0000000008002238       0x24 lib_build/xmc4_scu.o
                0x0000000008002238                XMC_SCU_CLOCK_EnableSystemPll
 .text.XMC_SCU_CLOCK_DisableSystemPll
                0x000000000800225c       0x24 lib_build/xmc4_scu.o
                0x000000000800225c                XMC_SCU_CLOCK_DisableSystemPll
 .text.XMC_SCU_CLOCK_StartSystemPll
                0x0000000008002280      0x178 lib_build/xmc4_scu.o
                0x0000000008002280                XMC_SCU_CLOCK_StartSystemPll
 .text.XMC_SCU_CLOCK_StopSystemPll
                0x00000000080023f8       0x20 lib_build/xmc4_scu.o
                0x00000000080023f8                XMC_SCU_CLOCK_StopSystemPll
 .text.XMC_SCU_CLOCK_StepSystemPllFrequency
                0x0000000008002418       0x30 lib_build/xmc4_scu.o
                0x0000000008002418                XMC_SCU_CLOCK_StepSystemPllFrequency
 .text.XMC_SCU_CLOCK_IsSystemPllLocked
                0x0000000008002448       0x24 lib_build/xmc4_scu.o
                0x0000000008002448                XMC_SCU_CLOCK_IsSystemPllLocked
 .text.XMC_SCU_INTERRUPT_SetEventHandler
                0x000000000800246c       0x58 lib_build/xmc4_scu.o
                0x000000000800246c                XMC_SCU_INTERRUPT_SetEventHandler
 .text.XMC_SCU_IRQHandler
                0x00000000080024c4       0x60 lib_build/xmc4_scu.o
                0x00000000080024c4                XMC_SCU_IRQHandler
 .text          0x0000000008002524        0x0 lib_build/xmc_gpio.o
 .text.XMC_GPIO_SetMode
                0x0000000008002524       0x82 lib_build/xmc_gpio.o
                0x0000000008002524                XMC_GPIO_SetMode
 .text.XMC_GPIO_SetHardwareControl
                0x00000000080025a6       0x46 lib_build/xmc_gpio.o
                0x00000000080025a6                XMC_GPIO_SetHardwareControl
 .text          0x00000000080025ec        0x0 lib_build/HIDClassDevice.o
 .text.HID_Device_ProcessControlRequest
                0x00000000080025ec      0x3c0 lib_build/HIDClassDevice.o
                0x00000000080025ec                HID_Device_ProcessControlRequest
 .text.HID_Device_ConfigureEndpoints
                0x00000000080029ac       0x50 lib_build/HIDClassDevice.o
                0x00000000080029ac                HID_Device_ConfigureEndpoints
 .text.HID_Device_USBTask
                0x00000000080029fc      0x1b0 lib_build/HIDClassDevice.o
                0x00000000080029fc                HID_Device_USBTask
 .text          0x0000000008002bac        0x0 lib_build/memcpy.o
 .text.thumb2_memcpy
                0x0000000008002bac       0x3e lib_build/memcpy.o
                0x0000000008002bac                thumb2_memcpy
 .text          0x0000000008002bea        0x0 lib_build/Endpoint_XMC4000.o
 *fill*         0x0000000008002bea        0x2 
 .text.__NVIC_EnableIRQ
                0x0000000008002bec       0x3c lib_build/Endpoint_XMC4000.o
 .text.__NVIC_DisableIRQ
                0x0000000008002c28       0x44 lib_build/Endpoint_XMC4000.o
 .text.Endpoint_WaitUntilReady
                0x0000000008002c6c      0x124 lib_build/Endpoint_XMC4000.o
                0x0000000008002c6c                Endpoint_WaitUntilReady
 .text.Endpoint_ClearOUT
                0x0000000008002d90       0x98 lib_build/Endpoint_XMC4000.o
                0x0000000008002d90                Endpoint_ClearOUT
 .text.Endpoint_ClearIN
                0x0000000008002e28       0xf0 lib_build/Endpoint_XMC4000.o
                0x0000000008002e28                Endpoint_ClearIN
 .text.Endpoint_IsReadWriteAllowed
                0x0000000008002f18       0x64 lib_build/Endpoint_XMC4000.o
                0x0000000008002f18                Endpoint_IsReadWriteAllowed
 .text.Endpoint_Write_8
                0x0000000008002f7c       0x68 lib_build/Endpoint_XMC4000.o
                0x0000000008002f7c                Endpoint_Write_8
 .text.Endpoint_Read_8
                0x0000000008002fe4       0x70 lib_build/Endpoint_XMC4000.o
                0x0000000008002fe4                Endpoint_Read_8
 .text.Endpoint_Write_32_LE
                0x0000000008003054       0x68 lib_build/Endpoint_XMC4000.o
                0x0000000008003054                Endpoint_Write_32_LE
 .text.Endpoint_Read_32_LE
                0x00000000080030bc       0x70 lib_build/Endpoint_XMC4000.o
                0x00000000080030bc                Endpoint_Read_32_LE
 .text.Endpoint_ConfigureEndpointTable
                0x000000000800312c      0x150 lib_build/Endpoint_XMC4000.o
                0x000000000800312c                Endpoint_ConfigureEndpointTable
 .text          0x000000000800327c        0x0 lib_build/EndpointStream_XMC4000.o
 .text.Endpoint_Write_Stream_LE
                0x000000000800327c      0x114 lib_build/EndpointStream_XMC4000.o
                0x000000000800327c                Endpoint_Write_Stream_LE
 .text.SwapCopy
                0x0000000008003390       0x44 lib_build/EndpointStream_XMC4000.o
                0x0000000008003390                SwapCopy
 .text.Endpoint_Write_Stream_BE
                0x00000000080033d4       0xe8 lib_build/EndpointStream_XMC4000.o
                0x00000000080033d4                Endpoint_Write_Stream_BE
 .text.Endpoint_Read_Stream_LE
                0x00000000080034bc       0xf0 lib_build/EndpointStream_XMC4000.o
                0x00000000080034bc                Endpoint_Read_Stream_LE
 .text.Endpoint_Read_Stream_BE
                0x00000000080035ac       0xf0 lib_build/EndpointStream_XMC4000.o
                0x00000000080035ac                Endpoint_Read_Stream_BE
 .text.Endpoint_Write_Control_Stream_LE
                0x000000000800369c       0x70 lib_build/EndpointStream_XMC4000.o
                0x000000000800369c                Endpoint_Write_Control_Stream_LE
 .text.Endpoint_Write_Control_Stream_BE
                0x000000000800370c       0x20 lib_build/EndpointStream_XMC4000.o
                0x000000000800370c                Endpoint_Write_Control_Stream_BE
 .text.Endpoint_Read_Control_Stream_LE
                0x000000000800372c       0x68 lib_build/EndpointStream_XMC4000.o
                0x000000000800372c                Endpoint_Read_Control_Stream_LE
 .text.Endpoint_Read_Control_Stream_BE
                0x0000000008003794       0x20 lib_build/EndpointStream_XMC4000.o
                0x0000000008003794                Endpoint_Read_Control_Stream_BE
 .text.Endpoint_Null_Stream
                0x00000000080037b4       0xdc lib_build/EndpointStream_XMC4000.o
                0x00000000080037b4                Endpoint_Null_Stream
 .text          0x0000000008003890        0x0 lib_build/USBController_XMC4000.o
 .text.USBD_HandleEP0_Stall
                0x0000000008003890       0x2c lib_build/USBController_XMC4000.o
                0x0000000008003890                USBD_HandleEP0_Stall
 .text.USB_Device_ProcessControlRequest
                0x00000000080038bc      0x43c lib_build/USBController_XMC4000.o
                0x00000000080038bc                USB_Device_ProcessControlRequest
 .text.USBD_HandleEP0_IN
                0x0000000008003cf8       0x4c lib_build/USBController_XMC4000.o
                0x0000000008003cf8                USBD_HandleEP0_IN
 .text.USBD_HandleEP0_OUT
                0x0000000008003d44       0x54 lib_build/USBController_XMC4000.o
                0x0000000008003d44                USBD_HandleEP0_OUT
 .text.USBD_HandleEP0_SETUP
                0x0000000008003d98       0x94 lib_build/USBController_XMC4000.o
                0x0000000008003d98                USBD_HandleEP0_SETUP
 .text.USBD_SignalDeviceEventHandler
                0x0000000008003e2c      0x228 lib_build/USBController_XMC4000.o
                0x0000000008003e2c                USBD_SignalDeviceEventHandler
 .text.USBD_SignalEndpointEvent_Handler
                0x0000000008004054      0x19c lib_build/USBController_XMC4000.o
                0x0000000008004054                USBD_SignalEndpointEvent_Handler
 .text.USBD_Initialize
                0x00000000080041f0       0xcc lib_build/USBController_XMC4000.o
                0x00000000080041f0                USBD_Initialize
 .text.USB_IsEnumDone
                0x00000000080042bc       0x20 lib_build/USBController_XMC4000.o
                0x00000000080042bc                USB_IsEnumDone
 .text.USBD_SetEndpointBuffer
                0x00000000080042dc       0x7c lib_build/USBController_XMC4000.o
                0x00000000080042dc                USBD_SetEndpointBuffer
 .text          0x0000000008004358        0x0 lib_build/xmc_usbd.o
 .text.XMC_USBD_lDeviceActive
                0x0000000008004358       0x68 lib_build/xmc_usbd.o
                0x0000000008004358                XMC_USBD_lDeviceActive
 .text.XMC_USBD_lReadFifo
                0x00000000080043c0       0xe8 lib_build/xmc_usbd.o
 .text.XMC_USBD_lWriteFifo
                0x00000000080044a8       0xa4 lib_build/xmc_usbd.o
 .text.XMC_USBD_lFlushTXFifo
                0x000000000800454c       0x7c lib_build/xmc_usbd.o
 .text.XMC_USBD_lFlushRXFifo
                0x00000000080045c8       0x68 lib_build/xmc_usbd.o
 .text.XMC_USBD_lAssignTXFifo
                0x0000000008004630       0x70 lib_build/xmc_usbd.o
 .text.XMC_USBD_lUnassignFifo
                0x00000000080046a0       0x38 lib_build/xmc_usbd.o
 .text.XMC_USBD_lStartReadXfer
                0x00000000080046d8      0x178 lib_build/xmc_usbd.o
 .text.XMC_USBD_lStartWriteXfer
                0x0000000008004850      0x198 lib_build/xmc_usbd.o
 .text.XMC_USBD_lHandleUSBReset
                0x00000000080049e8      0x150 lib_build/xmc_usbd.o
 .text.XMC_USBD_lHandleOTGInt
                0x0000000008004b38       0x48 lib_build/xmc_usbd.o
 .text.XMC_USBD_lHandleEnumDone
                0x0000000008004b80       0x78 lib_build/xmc_usbd.o
 .text.XMC_USBD_lHandleOEPInt
                0x0000000008004bf8      0x1bc lib_build/xmc_usbd.o
 .text.XMC_USBD_lHandleIEPInt
                0x0000000008004db4      0x1bc lib_build/xmc_usbd.o
 .text.XMC_USBD_lHandleRxFLvl
                0x0000000008004f70       0x84 lib_build/xmc_usbd.o
 .text.XMC_USBD_IRQHandler
                0x0000000008004ff4      0x150 lib_build/xmc_usbd.o
                0x0000000008004ff4                XMC_USBD_IRQHandler
 .text.XMC_USBD_Enable
                0x0000000008005144       0x18 lib_build/xmc_usbd.o
                0x0000000008005144                XMC_USBD_Enable
 .text.XMC_USBD_Disable
                0x000000000800515c       0x18 lib_build/xmc_usbd.o
                0x000000000800515c                XMC_USBD_Disable
 .text.XMC_USBD_ClearEvent
                0x0000000008005174       0xcc lib_build/xmc_usbd.o
                0x0000000008005174                XMC_USBD_ClearEvent
 .text.XMC_USBD_lClearEventOTG
                0x0000000008005240       0x2c lib_build/xmc_usbd.o
 .text.XMC_USBD_ClearEventINEP
                0x000000000800526c       0x30 lib_build/xmc_usbd.o
                0x000000000800526c                XMC_USBD_ClearEventINEP
 .text.XMC_USBD_ClearEventOUTEP
                0x000000000800529c       0x30 lib_build/xmc_usbd.o
                0x000000000800529c                XMC_USBD_ClearEventOUTEP
 .text.XMC_USBD_EnableEventOUTEP
                0x00000000080052cc       0x30 lib_build/xmc_usbd.o
                0x00000000080052cc                XMC_USBD_EnableEventOUTEP
 .text.XMC_USBD_EnableEventINEP
                0x00000000080052fc       0x30 lib_build/xmc_usbd.o
                0x00000000080052fc                XMC_USBD_EnableEventINEP
 .text.XMC_USBD_GetCapabilities
                0x000000000800532c       0x68 lib_build/xmc_usbd.o
                0x000000000800532c                XMC_USBD_GetCapabilities
 .text.XMC_USBD_Init
                0x0000000008005394      0x23c lib_build/xmc_usbd.o
                0x0000000008005394                XMC_USBD_Init
 .text.XMC_USBD_Uninitialize
                0x00000000080055d0       0x3c lib_build/xmc_usbd.o
                0x00000000080055d0                XMC_USBD_Uninitialize
 .text.XMC_USBD_DeviceConnect
                0x000000000800560c       0x34 lib_build/xmc_usbd.o
                0x000000000800560c                XMC_USBD_DeviceConnect
 .text.XMC_USBD_DeviceDisconnect
                0x0000000008005640       0x34 lib_build/xmc_usbd.o
                0x0000000008005640                XMC_USBD_DeviceDisconnect
 .text.XMC_USBD_DeviceGetState
                0x0000000008005674       0x64 lib_build/xmc_usbd.o
                0x0000000008005674                XMC_USBD_DeviceGetState
 .text.XMC_USBD_EndpointReadStart
                0x00000000080056d8       0x88 lib_build/xmc_usbd.o
                0x00000000080056d8                XMC_USBD_EndpointReadStart
 .text.XMC_USBD_EndpointRead
                0x0000000008005760       0x78 lib_build/xmc_usbd.o
                0x0000000008005760                XMC_USBD_EndpointRead
 .text.XMC_USBD_EndpointWrite
                0x00000000080057d8       0xa4 lib_build/xmc_usbd.o
                0x00000000080057d8                XMC_USBD_EndpointWrite
 .text.XMC_USBD_DeviceSetAddress
                0x000000000800587c       0x4c lib_build/xmc_usbd.o
                0x000000000800587c                XMC_USBD_DeviceSetAddress
 .text.XMC_USBD_EndpointStall
                0x00000000080058c8      0x14c lib_build/xmc_usbd.o
                0x00000000080058c8                XMC_USBD_EndpointStall
 .text.XMC_USBD_EndpointAbort
                0x0000000008005a14       0x88 lib_build/xmc_usbd.o
                0x0000000008005a14                XMC_USBD_EndpointAbort
 .text.XMC_USBD_EndpointConfigure
                0x0000000008005a9c      0x2e8 lib_build/xmc_usbd.o
                0x0000000008005a9c                XMC_USBD_EndpointConfigure
 .text.XMC_USBD_EndpointUnconfigure
                0x0000000008005d84      0x170 lib_build/xmc_usbd.o
                0x0000000008005d84                XMC_USBD_EndpointUnconfigure
 .text.XMC_USBD_GetFrameNumber
                0x0000000008005ef4       0x2c lib_build/xmc_usbd.o
                0x0000000008005ef4                XMC_USBD_GetFrameNumber
 .text.XMC_USBD_IsEnumDone
                0x0000000008005f20       0x38 lib_build/xmc_usbd.o
                0x0000000008005f20                XMC_USBD_IsEnumDone
 .text          0x0000000008005f58        0x0 lib_build/ConfigDescriptors.o
 .text.USB_GetNextDescriptor
                0x0000000008005f58       0x4c lib_build/ConfigDescriptors.o
 .text.USB_GetNextDescriptorOfType
                0x0000000008005fa4       0x36 lib_build/ConfigDescriptors.o
                0x0000000008005fa4                USB_GetNextDescriptorOfType
 .text.USB_GetNextDescriptorOfTypeBefore
                0x0000000008005fda       0x52 lib_build/ConfigDescriptors.o
                0x0000000008005fda                USB_GetNextDescriptorOfTypeBefore
 .text.USB_GetNextDescriptorOfTypeAfter
                0x000000000800602c       0x3e lib_build/ConfigDescriptors.o
                0x000000000800602c                USB_GetNextDescriptorOfTypeAfter
 .text.USB_GetNextDescriptorComp
                0x000000000800606a       0x5e lib_build/ConfigDescriptors.o
                0x000000000800606a                USB_GetNextDescriptorComp
 .text          0x00000000080060c8        0x0 lib_build/HostStandardReq.o
 .text          0x00000000080060c8        0x0 lib_build/USBTask.o
 .text.USB_USBTask
                0x00000000080060c8        0xc lib_build/USBTask.o
                0x00000000080060c8                USB_USBTask
 .text.USB_DeviceTask
                0x00000000080060d4       0x84 lib_build/USBTask.o
 .text          0x0000000008006158        0x0 lib_build/Events.o
 .text.USB_Event_Stub
                0x0000000008006158        0xe lib_build/Events.o
                0x0000000008006158                EVENT_USB_Device_WakeUp
                0x0000000008006158                USB_Event_Stub
                0x0000000008006158                EVENT_USB_Device_Suspend
                0x0000000008006158                EVENT_USB_Device_StartOfFrame
                0x0000000008006158                EVENT_USB_Device_Disconnect
 .text          0x0000000008006166        0x0 lib_build/startup_XMC4500.o
 .text          0x0000000008006166        0x0 lib_build/system_XMC4500.o
 .text.delay    0x0000000008006166       0x2a lib_build/system_XMC4500.o
 .text.SystemInit
                0x0000000008006190       0x24 lib_build/system_XMC4500.o
                0x0000000008006190                SystemInit
 .text.SystemCoreSetup
                0x00000000080061b4       0x70 lib_build/system_XMC4500.o
                0x00000000080061b4                SystemCoreSetup
 .text.SystemCoreClockSetup
                0x0000000008006224      0x208 lib_build/system_XMC4500.o
 .text.SystemCoreClockUpdate
                0x000000000800642c       0xd4 lib_build/system_XMC4500.o
                0x000000000800642c                SystemCoreClockUpdate
 .text.OSCHP_GetFrequency
                0x0000000008006500       0x14 lib_build/system_XMC4500.o
                0x0000000008006500                OSCHP_GetFrequency
 .text          0x0000000008006514        0x0 lib_build/syscalls.o
 .text._sbrk    0x0000000008006514       0x68 lib_build/syscalls.o
                0x0000000008006514                _sbrk
 .text._init    0x000000000800657c        0xe lib_build/syscalls.o
                0x000000000800657c                _init
 *fill*         0x000000000800658a        0x2 
 .text          0x000000000800658c      0x378 /usr/bin/../lib/gcc/arm-none-eabi/7.3.1/thumb/v7e-m/libgcc.a(_arm_addsubdf3.o)
                0x000000000800658c                __aeabi_drsub
                0x0000000008006594                __aeabi_dsub
                0x0000000008006594                __subdf3
                0x0000000008006598                __adddf3
                0x0000000008006598                __aeabi_dadd
                0x0000000008006810                __aeabi_ui2d
                0x0000000008006810                __floatunsidf
                0x0000000008006830                __floatsidf
                0x0000000008006830                __aeabi_i2d
                0x0000000008006854                __extendsfdf2
                0x0000000008006854                __aeabi_f2d
                0x0000000008006898                __aeabi_ul2d
                0x0000000008006898                __floatundidf
                0x00000000080068a8                __floatdidf
                0x00000000080068a8                __aeabi_l2d
 .text          0x0000000008006904      0x110 /usr/bin/../lib/gcc/arm-none-eabi/7.3.1/thumb/v7e-m/libgcc.a(_arm_cmpdf2.o)
                0x0000000008006904                __gtdf2
                0x0000000008006904                __gedf2
                0x000000000800690c                __ltdf2
                0x000000000800690c                __ledf2
                0x0000000008006914                __cmpdf2
                0x0000000008006914                __eqdf2
                0x0000000008006914                __nedf2
                0x0000000008006990                __aeabi_cdrcmple
                0x00000000080069a0                __aeabi_cdcmple
                0x00000000080069a0                __aeabi_cdcmpeq
                0x00000000080069b0                __aeabi_dcmpeq
                0x00000000080069c4                __aeabi_dcmplt
                0x00000000080069d8                __aeabi_dcmple
                0x00000000080069ec                __aeabi_dcmpge
                0x0000000008006a00                __aeabi_dcmpgt
 .text          0x0000000008006a14        0x0 /usr/bin/../lib/gcc/arm-none-eabi/7.3.1/../../../../arm-none-eabi/lib/thumb/v7e-m/libg.a(lib_a-errno.o)
 .text.__errno  0x0000000008006a14        0xc /usr/bin/../lib/gcc/arm-none-eabi/7.3.1/../../../../arm-none-eabi/lib/thumb/v7e-m/libg.a(lib_a-errno.o)
                0x0000000008006a14                __errno
 .text          0x0000000008006a20        0x0 /usr/bin/../lib/gcc/arm-none-eabi/7.3.1/../../../../arm-none-eabi/lib/thumb/v7e-m/libg.a(lib_a-impure.o)
 .text          0x0000000008006a20        0x0 /usr/bin/../lib/gcc/arm-none-eabi/7.3.1/../../../../arm-none-eabi/lib/thumb/v7e-m/libg.a(lib_a-init.o)
 .text.__libc_init_array
                0x0000000008006a20       0x48 /usr/bin/../lib/gcc/arm-none-eabi/7.3.1/../../../../arm-none-eabi/lib/thumb/v7e-m/libg.a(lib_a-init.o)
                0x0000000008006a20                __libc_init_array
 .text          0x0000000008006a68        0x0 /usr/bin/../lib/gcc/arm-none-eabi/7.3.1/../../../../arm-none-eabi/lib/thumb/v7e-m/libg.a(lib_a-memcmp.o)
 .text.memcmp   0x0000000008006a68       0x64 /usr/bin/../lib/gcc/arm-none-eabi/7.3.1/../../../../arm-none-eabi/lib/thumb/v7e-m/libg.a(lib_a-memcmp.o)
                0x0000000008006a68                memcmp
 .text          0x0000000008006acc      0x134 /usr/bin/../lib/gcc/arm-none-eabi/7.3.1/../../../../arm-none-eabi/lib/thumb/v7e-m/libg.a(lib_a-memcpy.o)
                0x0000000008006acc                memcpy
 .text          0x0000000008006c00        0x0 /usr/bin/../lib/gcc/arm-none-eabi/7.3.1/../../../../arm-none-eabi/lib/thumb/v7e-m/libg.a(lib_a-memset.o)
 .text.memset   0x0000000008006c00       0x94 /usr/bin/../lib/gcc/arm-none-eabi/7.3.1/../../../../arm-none-eabi/lib/thumb/v7e-m/libg.a(lib_a-memset.o)
                0x0000000008006c00                memset
 *(.init)
 *(.fini)
 *crtbegin.o(.ctors)
 *crtbegin?.o(.ctors)
 *(EXCLUDE_FILE(*crtend.o *crtend?.o) .ctors)
 *(SORT_BY_NAME(.ctors.*))
 *(.ctors)
 *crtbegin.o(.dtors)
 *crtbegin?.o(.dtors)
 *(EXCLUDE_FILE(*crtend.o *crtend?.o) .dtors)
 *(SORT_BY_NAME(.dtors.*))
 *(.dtors)
 *(.rodata .rodata.*)
 .rodata        0x0000000008006c94       0x14 build/main.o
                0x0000000008006c94                clock_config
 .rodata        0x0000000008006ca8      0x11e build/Descriptors.o
                0x0000000008006ca8                KeyboardReport
                0x0000000008006ce8                DeviceDescriptor
                0x0000000008006cfc                ConfigurationDescriptor
                0x0000000008006d20                LanguageString
                0x0000000008006d28                ManufacturerString
                0x0000000008006d7c                ProductString
 *fill*         0x0000000008006dc6        0x2 
 .rodata        0x0000000008006dc8       0x40 lib_build/xmc_usbd.o
                0x0000000008006dc8                Driver_USBD0
 .rodata._global_impure_ptr
                0x0000000008006e08        0x4 /usr/bin/../lib/gcc/arm-none-eabi/7.3.1/../../../../arm-none-eabi/lib/thumb/v7e-m/libg.a(lib_a-impure.o)
                0x0000000008006e08                _global_impure_ptr
 *(.gnu.linkonce.r*)
 *(vtable)
                0x0000000008006e0c                . = ALIGN (0x4)

.glue_7         0x0000000008006e0c        0x0 load address 0x000000000c006e0c
 .glue_7        0x0000000008006e0c        0x0 linker stubs

.glue_7t        0x0000000008006e0c        0x0 load address 0x000000000c006e0c
 .glue_7t       0x0000000008006e0c        0x0 linker stubs

.vfp11_veneer   0x0000000008006e0c        0x0 load address 0x000000000c006e0c
 .vfp11_veneer  0x0000000008006e0c        0x0 linker stubs

.v4_bx          0x0000000008006e0c        0x0 load address 0x000000000c006e0c
 .v4_bx         0x0000000008006e0c        0x0 linker stubs

.iplt           0x0000000008006e0c        0x0 load address 0x000000000c006e0c
 .iplt          0x0000000008006e0c        0x0 build/main.o

.rel.dyn        0x0000000008006e0c        0x0 load address 0x000000000c006e0c
 .rel.iplt      0x0000000008006e0c        0x0 build/main.o

.eh_frame_hdr
 *(.eh_frame_hdr)

.eh_frame
 *(.eh_frame)

.ARM.extab
 *(.ARM.extab* .gnu.linkonce.armextab.*)
                0x0000000008006e0c                . = ALIGN (0x4)
                0x0000000008006e0c                __exidx_start = .

.ARM.exidx
 *(.ARM.exidx* .gnu.linkonce.armexidx.*)
                0x0000000008006e0c                __exidx_end = .
                0x0000000008006e0c                . = ALIGN (0x4)

Stack           0x0000000010000000      0x800
                0x0000000010000000                __stack_start = .
                0x0000000010000800                . = (. + stack_size)
 *fill*         0x0000000010000000      0x800 
                0x0000000010000800                __stack_end = .
                0x0000000010000800                __initial_sp = .

.ram_code       0x0000000010000800        0x0 load address 0x000000000c006e0c
                0x0000000010000800                . = ALIGN (0x4)
                0x0000000010000800                __ram_code_start = .
 *(.ram_code)
                0x0000000010000800                . = ALIGN (0x4)
                0x0000000010000800                __ram_code_end = .
                0x000000000c006e0c                __ram_code_load = LOADADDR (.ram_code)
                0x0000000000000000                __ram_code_size = (__ram_code_end - __ram_code_start)

PSRAM_DATA      0x0000000010000800        0x0 load address 0x000000000c006e0c
                0x0000000010000800                . = ALIGN (0x4)
                0x0000000010000800                __data3_start = .
 *(PSRAM_DATA)
                0x0000000010000800                . = ALIGN (0x4)
                0x0000000010000800                __data3_end = .
                0x000000000c006e0c                __data3_load = LOADADDR (PSRAM_DATA)
                0x0000000000000000                __data3_size = (__data3_end - __data3_start)

PSRAM_BSS       0x0000000010000800        0x0 load address 0x000000000c006e0c
                0x0000000010000800                . = ALIGN (0x4)
                0x0000000010000800                __bss3_start = .
 *(PSRAM_BSS)
                0x0000000010000800                . = ALIGN (0x4)
                0x0000000010000800                __bss3_end = .
                0x0000000010000800                . = ALIGN (0x8)
                0x0000000010000800                Heap_Bank3_Start = .
                0x0000000000000000                __bss3_size = (__bss3_end - __bss3_start)

.data           0x0000000020000000      0x4b8 load address 0x000000000c006e0c
                0x0000000020000000                . = ALIGN (0x4)
                0x0000000020000000                __data_start = .
 *(.data)
 .data          0x0000000020000000       0x5f build/main.o
 *fill*         0x000000002000005f        0x1 
 .data          0x0000000020000060       0x28 build/KeyboardHID.o
                0x0000000020000060                Keyboard_HID_Interface
                0x0000000020000078                USB_runtime
 .data          0x0000000020000088        0x0 build/Descriptors.o
 .data          0x0000000020000088        0x0 lib_build/xmc4_scu.o
 .data          0x0000000020000088        0x0 lib_build/xmc_gpio.o
 .data          0x0000000020000088        0x0 lib_build/HIDClassDevice.o
 .data          0x0000000020000088        0x0 lib_build/memcpy.o
 .data          0x0000000020000088        0x0 lib_build/Endpoint_XMC4000.o
 .data          0x0000000020000088        0x0 lib_build/EndpointStream_XMC4000.o
 .data          0x0000000020000088        0x0 lib_build/USBController_XMC4000.o
 .data          0x0000000020000088        0x0 lib_build/xmc_usbd.o
 .data          0x0000000020000088        0x0 lib_build/ConfigDescriptors.o
 .data          0x0000000020000088        0x0 lib_build/HostStandardReq.o
 .data          0x0000000020000088        0x0 lib_build/USBTask.o
 .data          0x0000000020000088        0x0 lib_build/Events.o
 .data          0x0000000020000088        0x0 lib_build/startup_XMC4500.o
 .data          0x0000000020000088        0x0 lib_build/system_XMC4500.o
 .data          0x0000000020000088        0x0 lib_build/syscalls.o
 .data          0x0000000020000088        0x0 /usr/bin/../lib/gcc/arm-none-eabi/7.3.1/thumb/v7e-m/libgcc.a(_arm_addsubdf3.o)
 .data          0x0000000020000088        0x0 /usr/bin/../lib/gcc/arm-none-eabi/7.3.1/thumb/v7e-m/libgcc.a(_arm_cmpdf2.o)
 .data          0x0000000020000088        0x0 /usr/bin/../lib/gcc/arm-none-eabi/7.3.1/../../../../arm-none-eabi/lib/thumb/v7e-m/libg.a(lib_a-errno.o)
 .data          0x0000000020000088        0x0 /usr/bin/../lib/gcc/arm-none-eabi/7.3.1/../../../../arm-none-eabi/lib/thumb/v7e-m/libg.a(lib_a-impure.o)
 .data          0x0000000020000088        0x0 /usr/bin/../lib/gcc/arm-none-eabi/7.3.1/../../../../arm-none-eabi/lib/thumb/v7e-m/libg.a(lib_a-init.o)
 .data          0x0000000020000088        0x0 /usr/bin/../lib/gcc/arm-none-eabi/7.3.1/../../../../arm-none-eabi/lib/thumb/v7e-m/libg.a(lib_a-memcmp.o)
 .data          0x0000000020000088        0x0 /usr/bin/../lib/gcc/arm-none-eabi/7.3.1/../../../../arm-none-eabi/lib/thumb/v7e-m/libg.a(lib_a-memcpy.o)
 .data          0x0000000020000088        0x0 /usr/bin/../lib/gcc/arm-none-eabi/7.3.1/../../../../arm-none-eabi/lib/thumb/v7e-m/libg.a(lib_a-memset.o)
 *(.data*)
 .data._impure_ptr
                0x0000000020000088        0x4 /usr/bin/../lib/gcc/arm-none-eabi/7.3.1/../../../../arm-none-eabi/lib/thumb/v7e-m/libg.a(lib_a-impure.o)
                0x0000000020000088                _impure_ptr
 *fill*         0x000000002000008c        0x4 
 .data.impure_data
                0x0000000020000090      0x428 /usr/bin/../lib/gcc/arm-none-eabi/7.3.1/../../../../arm-none-eabi/lib/thumb/v7e-m/libg.a(lib_a-impure.o)
 *(*.data)
 *(.gnu.linkonce.d*)
                0x00000000200004b8                . = ALIGN (0x4)
                0x00000000200004b8                PROVIDE (__preinit_array_start = .)
 *(.preinit_array)
                0x00000000200004b8                PROVIDE (__preinit_array_end = .)
                0x00000000200004b8                . = ALIGN (0x4)
                0x00000000200004b8                PROVIDE (__init_array_start = .)
 *(SORT_BY_NAME(.init_array.*))
 *(.init_array)
                0x00000000200004b8                PROVIDE (__init_array_end = .)
                0x00000000200004b8                . = ALIGN (0x4)
                [!provide]                        PROVIDE (__fini_array_start = .)
 *(SORT_BY_NAME(.fini_array.*))
 *(.fini_array)
                [!provide]                        PROVIDE (__fini_array_end = .)
                0x00000000200004b8                . = ALIGN (0x4)
                0x00000000200004b8                __data_end = .
                0x000000000c006e0c                __data_load = LOADADDR (.data)
                0x00000000000004b8                __data_size = (__data_end - __data_start)

.igot.plt       0x00000000200004b8        0x0 load address 0x000000000c0072c4
 .igot.plt      0x00000000200004b8        0x0 build/main.o

.bss            0x00000000200004b8      0xab0 load address 0x000000000c0072c4
                0x00000000200004b8                . = ALIGN (0x4)
                0x00000000200004b8                __bss_start = .
 *(.bss)
 .bss           0x00000000200004b8       0x3d build/main.o
 *fill*         0x00000000200004f5        0x3 
 .bss           0x00000000200004f8        0x8 build/KeyboardHID.o
 .bss           0x0000000020000500        0x0 build/Descriptors.o
 .bss           0x0000000020000500        0x0 lib_build/xmc4_scu.o
 .bss           0x0000000020000500        0x0 lib_build/xmc_gpio.o
 .bss           0x0000000020000500        0x0 lib_build/HIDClassDevice.o
 .bss           0x0000000020000500        0x0 lib_build/memcpy.o
 .bss           0x0000000020000500        0x0 lib_build/Endpoint_XMC4000.o
 .bss           0x0000000020000500        0x1 lib_build/EndpointStream_XMC4000.o
                0x0000000020000500                zlp_flag
 .bss           0x0000000020000501        0x0 lib_build/USBController_XMC4000.o
 *fill*         0x0000000020000501        0x3 
 .bss           0x0000000020000504       0x38 lib_build/xmc_usbd.o
                0x0000000020000504                XMC_USBD_EP_OUT_BUFFERSIZE
                0x0000000020000520                XMC_USBD_EP_IN_BUFFERSIZE
 .bss           0x000000002000053c        0x0 lib_build/ConfigDescriptors.o
 .bss           0x000000002000053c        0x0 lib_build/HostStandardReq.o
 .bss           0x000000002000053c        0x0 lib_build/USBTask.o
 .bss           0x000000002000053c        0x0 lib_build/Events.o
 .bss           0x000000002000053c        0x0 lib_build/startup_XMC4500.o
 .bss           0x000000002000053c        0x0 lib_build/system_XMC4500.o
 .bss           0x000000002000053c        0x8 lib_build/syscalls.o
                0x000000002000053c                __dso_handle
 .bss           0x0000000020000544        0x0 /usr/bin/../lib/gcc/arm-none-eabi/7.3.1/thumb/v7e-m/libgcc.a(_arm_addsubdf3.o)
 .bss           0x0000000020000544        0x0 /usr/bin/../lib/gcc/arm-none-eabi/7.3.1/thumb/v7e-m/libgcc.a(_arm_cmpdf2.o)
 .bss           0x0000000020000544        0x0 /usr/bin/../lib/gcc/arm-none-eabi/7.3.1/../../../../arm-none-eabi/lib/thumb/v7e-m/libg.a(lib_a-errno.o)
 .bss           0x0000000020000544        0x0 /usr/bin/../lib/gcc/arm-none-eabi/7.3.1/../../../../arm-none-eabi/lib/thumb/v7e-m/libg.a(lib_a-impure.o)
 .bss           0x0000000020000544        0x0 /usr/bin/../lib/gcc/arm-none-eabi/7.3.1/../../../../arm-none-eabi/lib/thumb/v7e-m/libg.a(lib_a-init.o)
 .bss           0x0000000020000544        0x0 /usr/bin/../lib/gcc/arm-none-eabi/7.3.1/../../../../arm-none-eabi/lib/thumb/v7e-m/libg.a(lib_a-memcmp.o)
 .bss           0x0000000020000544        0x0 /usr/bin/../lib/gcc/arm-none-eabi/7.3.1/../../../../arm-none-eabi/lib/thumb/v7e-m/libg.a(lib_a-memcpy.o)
 .bss           0x0000000020000544        0x0 /usr/bin/../lib/gcc/arm-none-eabi/7.3.1/../../../../arm-none-eabi/lib/thumb/v7e-m/libg.a(lib_a-memset.o)
 *(.bss*)
 *(COMMON)
 COMMON         0x0000000020000544      0x440 build/main.o
                0x0000000020000544                timeNumOff
                0x00000000200006c4                timeMeasured
                0x00000000200006f4                finalPassword
                0x0000000020000744                timeCapsOn
                0x00000000200007a4                timeNumOn
                0x0000000020000924                timeCapsOff
 COMMON         0x0000000020000984        0x8 build/KeyboardHID.o
                0x0000000020000984                buffer
 COMMON         0x000000002000098c       0x80 lib_build/xmc4_scu.o
                0x000000002000098c                event_handler_list
 COMMON         0x0000000020000a0c      0x340 lib_build/USBController_XMC4000.o
                0x0000000020000a0c                endpoint0_in_buffer
                0x0000000020000b0c                endpoint0_out_buffer
                0x0000000020000c0c                device
 COMMON         0x0000000020000d4c      0x20c lib_build/xmc_usbd.o
                0x0000000020000d4c                usbd_init
                0x0000000020000d50                xmc_device
 COMMON         0x0000000020000f58        0xc lib_build/USBTask.o
                0x0000000020000f58                USB_IsInitialized
                0x0000000020000f59                USB_DeviceState
                0x0000000020000f5c                USB_ControlRequest
 *(.gnu.linkonce.b*)
                0x0000000020000f64                . = ALIGN (0x4)
                0x0000000020000f64                __bss_end = .
                0x0000000020000f68                . = ALIGN (0x8)
 *fill*         0x0000000020000f64        0x4 
                0x0000000020000f68                Heap_Bank1_Start = .
                0x0000000000000aac                __bss_size = (__bss_end - __bss_start)

.no_init        0x000000002000ffc0       0x14
                0x000000002000ffc0                Heap_Bank1_End = .
 *(.no_init)
 .no_init       0x000000002000ffc0       0x14 lib_build/system_XMC4500.o
                0x000000002000ffc0                SystemCoreClock
                0x000000002000ffc4                g_chipid

DSRAM2_DATA     0x0000000030000000        0x0 load address 0x000000000c0072c4
                0x0000000030000000                . = ALIGN (0x4)
                0x0000000030000000                __data2_start = .
 *(DSRAM2_DATA)
                0x0000000030000000                . = ALIGN (0x4)
                0x0000000030000000                __data2_end = .
                0x000000000c0072c4                __data2_load = LOADADDR (DSRAM2_DATA)
                0x0000000000000000                __data2_size = (__data2_end - __data2_start)
                0x00000000000072c4                __text_size = (((((__exidx_end - sText) + __data_size) + __ram_code_size) + __data2_size) + __data3_size)
                0x00000000080072c4                eText = (sText + __text_size)

DSRAM2_BSS      0x0000000030000000      0xe00 load address 0x000000000c0072c4
                0x0000000030000000                . = ALIGN (0x4)
                0x0000000030000000                __bss2_start = .
 *(ETH_RAM)
 *(USB_RAM)
 USB_RAM        0x0000000030000000      0xe00 lib_build/xmc_usbd.o
 *(DSRAM2_BSS)
                0x0000000030000e00                . = ALIGN (0x4)
                0x0000000030000e00                __bss2_end = .
                0x0000000030000e00                . = ALIGN (0x8)
                0x0000000030000e00                Heap_Bank2_Start = .
                0x0000000000000e00                __bss2_size = (__bss2_end - __bss2_start)
                0x000000000000f058                Heap_Bank1_Size = (Heap_Bank1_End - Heap_Bank1_Start)
                0x0000000000007200                Heap_Bank2_Size = (LENGTH (DSRAM_2_comm) - (Heap_Bank2_Start - ORIGIN (DSRAM_2_comm)))
                0x000000000000f800                Heap_Bank3_Size = (LENGTH (PSRAM_1) - (Heap_Bank3_Start - ORIGIN (PSRAM_1)))
                0x0000000000000001                ASSERT ((Heap_Bank1_Start <= Heap_Bank1_End), region SRAM_combined overflowed no_init section)

/DISCARD/
 *(.comment)

.stab
 *(.stab)

.stabstr
 *(.stabstr)

.debug
 *(.debug)

.line
 *(.line)

.debug_srcinfo
 *(.debug_srcinfo)

.debug_sfnames
 *(.debug_sfnames)

.debug_aranges  0x0000000000000000      0x918
 *(.debug_aranges)
 .debug_aranges
                0x0000000000000000       0x70 build/main.o
 .debug_aranges
                0x0000000000000070       0x80 build/KeyboardHID.o
 .debug_aranges
                0x00000000000000f0       0x20 build/Descriptors.o
 .debug_aranges
                0x0000000000000110      0x3c8 lib_build/xmc4_scu.o
 .debug_aranges
                0x00000000000004d8       0x28 lib_build/xmc_gpio.o
 .debug_aranges
                0x0000000000000500       0x30 lib_build/HIDClassDevice.o
 .debug_aranges
                0x0000000000000530       0x20 lib_build/memcpy.o
 .debug_aranges
                0x0000000000000550       0x70 lib_build/Endpoint_XMC4000.o
 .debug_aranges
                0x00000000000005c0       0x68 lib_build/EndpointStream_XMC4000.o
 .debug_aranges
                0x0000000000000628       0x68 lib_build/USBController_XMC4000.o
 .debug_aranges
                0x0000000000000690      0x158 lib_build/xmc_usbd.o
 .debug_aranges
                0x00000000000007e8       0x40 lib_build/ConfigDescriptors.o
 .debug_aranges
                0x0000000000000828       0x18 lib_build/HostStandardReq.o
 .debug_aranges
                0x0000000000000840       0x28 lib_build/USBTask.o
 .debug_aranges
                0x0000000000000868       0x20 lib_build/Events.o
 .debug_aranges
                0x0000000000000888       0x20 lib_build/startup_XMC4500.o
 .debug_aranges
                0x00000000000008a8       0x48 lib_build/system_XMC4500.o
 .debug_aranges
                0x00000000000008f0       0x28 lib_build/syscalls.o

.debug_pubnames
 *(.debug_pubnames)

.debug_pubtypes
 *(.debug_pubtypes)

.debug_info     0x0000000000000000    0x1efc9
 *(.debug_info .gnu.linkonce.wi.*)
 .debug_info    0x0000000000000000     0x2f92 build/main.o
 .debug_info    0x0000000000002f92     0x2a34 build/KeyboardHID.o
 .debug_info    0x00000000000059c6     0x252c build/Descriptors.o
 .debug_info    0x0000000000007ef2     0x2a2c lib_build/xmc4_scu.o
 .debug_info    0x000000000000a91e      0xcc6 lib_build/xmc_gpio.o
 .debug_info    0x000000000000b5e4     0x2402 lib_build/HIDClassDevice.o
 .debug_info    0x000000000000d9e6      0x9c9 lib_build/memcpy.o
 .debug_info    0x000000000000e3af     0x2810 lib_build/Endpoint_XMC4000.o
 .debug_info    0x0000000000010bbf     0x23ce lib_build/EndpointStream_XMC4000.o
 .debug_info    0x0000000000012f8d     0x226c lib_build/USBController_XMC4000.o
 .debug_info    0x00000000000151f9     0x40c6 lib_build/xmc_usbd.o
 .debug_info    0x00000000000192bf      0xc90 lib_build/ConfigDescriptors.o
 .debug_info    0x0000000000019f4f      0x9e9 lib_build/HostStandardReq.o
 .debug_info    0x000000000001a938     0x205c lib_build/USBTask.o
 .debug_info    0x000000000001c994      0xa0b lib_build/Events.o
 .debug_info    0x000000000001d39f       0x26 lib_build/startup_XMC4500.o
 .debug_info    0x000000000001d3c5     0x11ca lib_build/system_XMC4500.o
 .debug_info    0x000000000001e58f      0xa3a lib_build/syscalls.o

.debug_abbrev   0x0000000000000000     0x2f4b
 *(.debug_abbrev)
 .debug_abbrev  0x0000000000000000      0x3c1 build/main.o
 .debug_abbrev  0x00000000000003c1      0x37c build/KeyboardHID.o
 .debug_abbrev  0x000000000000073d      0x291 build/Descriptors.o
 .debug_abbrev  0x00000000000009ce      0x35d lib_build/xmc4_scu.o
 .debug_abbrev  0x0000000000000d2b      0x1f8 lib_build/xmc_gpio.o
 .debug_abbrev  0x0000000000000f23      0x34f lib_build/HIDClassDevice.o
 .debug_abbrev  0x0000000000001272      0x193 lib_build/memcpy.o
 .debug_abbrev  0x0000000000001405      0x3b1 lib_build/Endpoint_XMC4000.o
 .debug_abbrev  0x00000000000017b6      0x325 lib_build/EndpointStream_XMC4000.o
 .debug_abbrev  0x0000000000001adb      0x37a lib_build/USBController_XMC4000.o
 .debug_abbrev  0x0000000000001e55      0x455 lib_build/xmc_usbd.o
 .debug_abbrev  0x00000000000022aa      0x22a lib_build/ConfigDescriptors.o
 .debug_abbrev  0x00000000000024d4      0x177 lib_build/HostStandardReq.o
 .debug_abbrev  0x000000000000264b      0x2f4 lib_build/USBTask.o
 .debug_abbrev  0x000000000000293f      0x195 lib_build/Events.o
 .debug_abbrev  0x0000000000002ad4       0x14 lib_build/startup_XMC4500.o
 .debug_abbrev  0x0000000000002ae8      0x287 lib_build/system_XMC4500.o
 .debug_abbrev  0x0000000000002d6f      0x1dc lib_build/syscalls.o

.debug_line     0x0000000000000000     0xa067
 *(.debug_line)
 .debug_line    0x0000000000000000     0x1001 build/main.o
 .debug_line    0x0000000000001001      0xfb1 build/KeyboardHID.o
 .debug_line    0x0000000000001fb2      0xe75 build/Descriptors.o
 .debug_line    0x0000000000002e27      0xe9c lib_build/xmc4_scu.o
 .debug_line    0x0000000000003cc3      0x38c lib_build/xmc_gpio.o
 .debug_line    0x000000000000404f     0x1226 lib_build/HIDClassDevice.o
 .debug_line    0x0000000000005275      0x27e lib_build/memcpy.o
 .debug_line    0x00000000000054f3      0xd0c lib_build/Endpoint_XMC4000.o
 .debug_line    0x00000000000061ff      0xb0a lib_build/EndpointStream_XMC4000.o
 .debug_line    0x0000000000006d09      0xb74 lib_build/USBController_XMC4000.o
 .debug_line    0x000000000000787d      0x9d0 lib_build/xmc_usbd.o
 .debug_line    0x000000000000824d      0x4f5 lib_build/ConfigDescriptors.o
 .debug_line    0x0000000000008742      0x439 lib_build/HostStandardReq.o
 .debug_line    0x0000000000008b7b      0x926 lib_build/USBTask.o
 .debug_line    0x00000000000094a1      0x44c lib_build/Events.o
 .debug_line    0x00000000000098ed       0xd1 lib_build/startup_XMC4500.o
 .debug_line    0x00000000000099be      0x404 lib_build/system_XMC4500.o
 .debug_line    0x0000000000009dc2      0x2a5 lib_build/syscalls.o

.debug_frame    0x0000000000000000     0x268c
 *(.debug_frame)
 .debug_frame   0x0000000000000000      0x1c0 build/main.o
 .debug_frame   0x00000000000001c0      0x1dc build/KeyboardHID.o
 .debug_frame   0x000000000000039c       0x38 build/Descriptors.o
 .debug_frame   0x00000000000003d4     0x11bc lib_build/xmc4_scu.o
 .debug_frame   0x0000000000001590       0x60 lib_build/xmc_gpio.o
 .debug_frame   0x00000000000015f0       0x98 lib_build/HIDClassDevice.o
 .debug_frame   0x0000000000001688       0x20 lib_build/memcpy.o
 .debug_frame   0x00000000000016a8      0x1cc lib_build/Endpoint_XMC4000.o
 .debug_frame   0x0000000000001874      0x1a0 lib_build/EndpointStream_XMC4000.o
 .debug_frame   0x0000000000001a14      0x170 lib_build/USBController_XMC4000.o
 .debug_frame   0x0000000000001b84      0x634 lib_build/xmc_usbd.o
 .debug_frame   0x00000000000021b8       0xd8 lib_build/ConfigDescriptors.o
 .debug_frame   0x0000000000002290       0x54 lib_build/USBTask.o
 .debug_frame   0x00000000000022e4       0x34 lib_build/Events.o
 .debug_frame   0x0000000000002318       0xec lib_build/system_XMC4500.o
 .debug_frame   0x0000000000002404       0x5c lib_build/syscalls.o
 .debug_frame   0x0000000000002460       0xac /usr/bin/../lib/gcc/arm-none-eabi/7.3.1/thumb/v7e-m/libgcc.a(_arm_addsubdf3.o)
 .debug_frame   0x000000000000250c       0xc4 /usr/bin/../lib/gcc/arm-none-eabi/7.3.1/thumb/v7e-m/libgcc.a(_arm_cmpdf2.o)
 .debug_frame   0x00000000000025d0       0x20 /usr/bin/../lib/gcc/arm-none-eabi/7.3.1/../../../../arm-none-eabi/lib/thumb/v7e-m/libg.a(lib_a-errno.o)
 .debug_frame   0x00000000000025f0       0x2c /usr/bin/../lib/gcc/arm-none-eabi/7.3.1/../../../../arm-none-eabi/lib/thumb/v7e-m/libg.a(lib_a-init.o)
 .debug_frame   0x000000000000261c       0x38 /usr/bin/../lib/gcc/arm-none-eabi/7.3.1/../../../../arm-none-eabi/lib/thumb/v7e-m/libg.a(lib_a-memcmp.o)
 .debug_frame   0x0000000000002654       0x38 /usr/bin/../lib/gcc/arm-none-eabi/7.3.1/../../../../arm-none-eabi/lib/thumb/v7e-m/libg.a(lib_a-memset.o)

.debug_str      0x0000000000000000    0x83c15
 *(.debug_str)
 .debug_str     0x0000000000000000    0x7de4f build/main.o
                                      0x7e307 (size before relaxing)
 .debug_str     0x000000000007de4f      0x29b build/KeyboardHID.o
                                      0x7d517 (size before relaxing)
 .debug_str     0x000000000007e0ea      0x6c5 build/Descriptors.o
                                      0x795c0 (size before relaxing)
 .debug_str     0x000000000007e7af     0x203d lib_build/xmc4_scu.o
                                      0x72340 (size before relaxing)
 .debug_str     0x00000000000807ec       0xe3 lib_build/xmc_gpio.o
                                      0x73950 (size before relaxing)
 .debug_str     0x00000000000808cf      0x318 lib_build/HIDClassDevice.o
                                      0x7921a (size before relaxing)
 .debug_str     0x0000000000080be7       0x76 lib_build/memcpy.o
                                       0x7408 (size before relaxing)
 .debug_str     0x0000000000080c5d      0x2d1 lib_build/Endpoint_XMC4000.o
                                      0x73ec5 (size before relaxing)
 .debug_str     0x0000000000080f2e      0x333 lib_build/EndpointStream_XMC4000.o
                                      0x737eb (size before relaxing)
 .debug_str     0x0000000000081261      0x309 lib_build/USBController_XMC4000.o
                                      0x7386f (size before relaxing)
 .debug_str     0x000000000008156a     0x11d4 lib_build/xmc_usbd.o
                                      0x731d5 (size before relaxing)
 .debug_str     0x000000000008273e      0x25c lib_build/ConfigDescriptors.o
                                      0x70da9 (size before relaxing)
 .debug_str     0x000000000008299a       0x61 lib_build/HostStandardReq.o
                                      0x70626 (size before relaxing)
 .debug_str     0x00000000000829fb       0xb7 lib_build/USBTask.o
                                      0x73617 (size before relaxing)
 .debug_str     0x0000000000082ab2       0x80 lib_build/Events.o
                                      0x70656 (size before relaxing)
 .debug_str     0x0000000000082b32       0x74 lib_build/startup_XMC4500.o
                                         0xce (size before relaxing)
 .debug_str     0x0000000000082ba6      0xb55 lib_build/system_XMC4500.o
                                      0x701c1 (size before relaxing)
 .debug_str     0x00000000000836fb      0x51a lib_build/syscalls.o
                                       0x7b98 (size before relaxing)

.debug_loc      0x0000000000000000     0x495a
 *(.debug_loc)
 .debug_loc     0x0000000000000000      0x364 build/main.o
 .debug_loc     0x0000000000000364      0x398 build/KeyboardHID.o
 .debug_loc     0x00000000000006fc       0x5c build/Descriptors.o
 .debug_loc     0x0000000000000758     0x2504 lib_build/xmc4_scu.o
 .debug_loc     0x0000000000002c5c       0xb8 lib_build/xmc_gpio.o
 .debug_loc     0x0000000000002d14       0xf2 lib_build/HIDClassDevice.o
 .debug_loc     0x0000000000002e06      0x3c4 lib_build/Endpoint_XMC4000.o
 .debug_loc     0x00000000000031ca      0x32c lib_build/EndpointStream_XMC4000.o
 .debug_loc     0x00000000000034f6      0x29c lib_build/USBController_XMC4000.o
 .debug_loc     0x0000000000003792      0xd34 lib_build/xmc_usbd.o
 .debug_loc     0x00000000000044c6      0x19c lib_build/ConfigDescriptors.o
 .debug_loc     0x0000000000004662       0x7c lib_build/USBTask.o
 .debug_loc     0x00000000000046de       0x44 lib_build/Events.o
 .debug_loc     0x0000000000004722      0x1a4 lib_build/system_XMC4500.o
 .debug_loc     0x00000000000048c6       0x94 lib_build/syscalls.o

.debug_macinfo
 *(.debug_macinfo)

.debug_ranges   0x0000000000000000      0x7e0
 *(.debug_ranges)
 .debug_ranges  0x0000000000000000       0x60 build/main.o
 .debug_ranges  0x0000000000000060       0x70 build/KeyboardHID.o
 .debug_ranges  0x00000000000000d0       0x10 build/Descriptors.o
 .debug_ranges  0x00000000000000e0      0x3b8 lib_build/xmc4_scu.o
 .debug_ranges  0x0000000000000498       0x18 lib_build/xmc_gpio.o
 .debug_ranges  0x00000000000004b0       0x20 lib_build/HIDClassDevice.o
 .debug_ranges  0x00000000000004d0       0x10 lib_build/memcpy.o
 .debug_ranges  0x00000000000004e0       0x60 lib_build/Endpoint_XMC4000.o
 .debug_ranges  0x0000000000000540       0x58 lib_build/EndpointStream_XMC4000.o
 .debug_ranges  0x0000000000000598       0x58 lib_build/USBController_XMC4000.o
 .debug_ranges  0x00000000000005f0      0x148 lib_build/xmc_usbd.o
 .debug_ranges  0x0000000000000738       0x30 lib_build/ConfigDescriptors.o
 .debug_ranges  0x0000000000000768       0x18 lib_build/USBTask.o
 .debug_ranges  0x0000000000000780       0x10 lib_build/Events.o
 .debug_ranges  0x0000000000000790       0x38 lib_build/system_XMC4500.o
 .debug_ranges  0x00000000000007c8       0x18 lib_build/syscalls.o

.debug_weaknames
 *(.debug_weaknames)

.debug_funcnames
 *(.debug_funcnames)

.debug_typenames
 *(.debug_typenames)

.debug_varnames
 *(.debug_varnames)

.build_attributes
                0x0000000000000000      0x50a
 *(.ARM.attributes)
 .ARM.attributes
                0x0000000000000000       0x37 build/main.o
 .ARM.attributes
                0x0000000000000037       0x37 build/KeyboardHID.o
 .ARM.attributes
                0x000000000000006e       0x37 build/Descriptors.o
 .ARM.attributes
                0x00000000000000a5       0x37 lib_build/xmc4_scu.o
 .ARM.attributes
                0x00000000000000dc       0x37 lib_build/xmc_gpio.o
 .ARM.attributes
                0x0000000000000113       0x37 lib_build/HIDClassDevice.o
 .ARM.attributes
                0x000000000000014a       0x37 lib_build/memcpy.o
 .ARM.attributes
                0x0000000000000181       0x37 lib_build/Endpoint_XMC4000.o
 .ARM.attributes
                0x00000000000001b8       0x37 lib_build/EndpointStream_XMC4000.o
 .ARM.attributes
                0x00000000000001ef       0x37 lib_build/USBController_XMC4000.o
 .ARM.attributes
                0x0000000000000226       0x37 lib_build/xmc_usbd.o
 .ARM.attributes
                0x000000000000025d       0x37 lib_build/ConfigDescriptors.o
 .ARM.attributes
                0x0000000000000294       0x37 lib_build/HostStandardReq.o
 .ARM.attributes
                0x00000000000002cb       0x37 lib_build/USBTask.o
 .ARM.attributes
                0x0000000000000302       0x37 lib_build/Events.o
 .ARM.attributes
                0x0000000000000339       0x25 lib_build/startup_XMC4500.o
 .ARM.attributes
                0x000000000000035e       0x37 lib_build/system_XMC4500.o
 .ARM.attributes
                0x0000000000000395       0x37 lib_build/syscalls.o
 .ARM.attributes
                0x00000000000003cc       0x1e /usr/bin/../lib/gcc/arm-none-eabi/7.3.1/thumb/v7e-m/libgcc.a(_arm_addsubdf3.o)
 .ARM.attributes
                0x00000000000003ea       0x1e /usr/bin/../lib/gcc/arm-none-eabi/7.3.1/thumb/v7e-m/libgcc.a(_arm_cmpdf2.o)
 .ARM.attributes
                0x0000000000000408       0x2e /usr/bin/../lib/gcc/arm-none-eabi/7.3.1/../../../../arm-none-eabi/lib/thumb/v7e-m/libg.a(lib_a-errno.o)
 .ARM.attributes
                0x0000000000000436       0x2e /usr/bin/../lib/gcc/arm-none-eabi/7.3.1/../../../../arm-none-eabi/lib/thumb/v7e-m/libg.a(lib_a-impure.o)
 .ARM.attributes
                0x0000000000000464       0x2e /usr/bin/../lib/gcc/arm-none-eabi/7.3.1/../../../../arm-none-eabi/lib/thumb/v7e-m/libg.a(lib_a-init.o)
 .ARM.attributes
                0x0000000000000492       0x2e /usr/bin/../lib/gcc/arm-none-eabi/7.3.1/../../../../arm-none-eabi/lib/thumb/v7e-m/libg.a(lib_a-memcmp.o)
 .ARM.attributes
                0x00000000000004c0       0x1c /usr/bin/../lib/gcc/arm-none-eabi/7.3.1/../../../../arm-none-eabi/lib/thumb/v7e-m/libg.a(lib_a-memcpy.o)
 .ARM.attributes
                0x00000000000004dc       0x2e /usr/bin/../lib/gcc/arm-none-eabi/7.3.1/../../../../arm-none-eabi/lib/thumb/v7e-m/libg.a(lib_a-memset.o)
OUTPUT(build/main.elf elf32-littlearm)

.debug_macro    0x0000000000000000    0x1cd0a
 .debug_macro   0x0000000000000000      0x532 build/main.o
 .debug_macro   0x0000000000000532      0xa4e build/main.o
 .debug_macro   0x0000000000000f80       0x22 build/main.o
 .debug_macro   0x0000000000000fa2       0x58 build/main.o
 .debug_macro   0x0000000000000ffa       0x18 build/main.o
 .debug_macro   0x0000000000001012       0x94 build/main.o
 .debug_macro   0x00000000000010a6       0x35 build/main.o
 .debug_macro   0x00000000000010db       0x34 build/main.o
 .debug_macro   0x000000000000110f      0x16d build/main.o
 .debug_macro   0x000000000000127c       0x57 build/main.o
 .debug_macro   0x00000000000012d3       0x58 build/main.o
 .debug_macro   0x000000000000132b       0x1f build/main.o
 .debug_macro   0x000000000000134a       0x43 build/main.o
 .debug_macro   0x000000000000138d       0x20 build/main.o
 .debug_macro   0x00000000000013ad      0x18e build/main.o
 .debug_macro   0x000000000000153b      0x353 build/main.o
 .debug_macro   0x000000000000188e       0x10 build/main.o
 .debug_macro   0x000000000000189e       0x35 build/main.o
 .debug_macro   0x00000000000018d3       0xef build/main.o
 .debug_macro   0x00000000000019c2       0x6a build/main.o
 .debug_macro   0x0000000000001a2c      0x1df build/main.o
 .debug_macro   0x0000000000001c0b       0x22 build/main.o
 .debug_macro   0x0000000000001c2d      0x167 build/main.o
 .debug_macro   0x0000000000001d94       0x2d build/main.o
 .debug_macro   0x0000000000001dc1       0x28 build/main.o
 .debug_macro   0x0000000000001de9       0xaf build/main.o
 .debug_macro   0x0000000000001e98      0xfe7 build/main.o
 .debug_macro   0x0000000000002e7f       0x16 build/main.o
 .debug_macro   0x0000000000002e95    0x1474b build/main.o
 .debug_macro   0x00000000000175e0       0x12 build/main.o
 .debug_macro   0x00000000000175f2       0x4c build/main.o
 .debug_macro   0x000000000001763e       0x22 build/main.o
 .debug_macro   0x0000000000017660      0x861 build/main.o
 .debug_macro   0x0000000000017ec1       0xa5 build/main.o
 .debug_macro   0x0000000000017f66       0x12 build/main.o
 .debug_macro   0x0000000000017f78       0x10 build/main.o
 .debug_macro   0x0000000000017f88      0x1a7 build/main.o
 .debug_macro   0x000000000001812f       0x22 build/main.o
 .debug_macro   0x0000000000018151       0x6f build/main.o
 .debug_macro   0x00000000000181c0       0x86 build/main.o
 .debug_macro   0x0000000000018246       0x40 build/main.o
 .debug_macro   0x0000000000018286       0x4d build/main.o
 .debug_macro   0x00000000000182d3       0x16 build/main.o
 .debug_macro   0x00000000000182e9       0x16 build/main.o
 .debug_macro   0x00000000000182ff       0x29 build/main.o
 .debug_macro   0x0000000000018328      0x2c3 build/main.o
 .debug_macro   0x00000000000185eb       0xa5 build/main.o
 .debug_macro   0x0000000000018690       0xc5 build/main.o
 .debug_macro   0x0000000000018755       0x16 build/main.o
 .debug_macro   0x000000000001876b       0x7a build/main.o
 .debug_macro   0x00000000000187e5       0x16 build/main.o
 .debug_macro   0x00000000000187fb       0x16 build/main.o
 .debug_macro   0x0000000000018811       0x64 build/main.o
 .debug_macro   0x0000000000018875       0x22 build/main.o
 .debug_macro   0x0000000000018897       0x16 build/main.o
 .debug_macro   0x00000000000188ad       0x40 build/main.o
 .debug_macro   0x00000000000188ed       0x1c build/main.o
 .debug_macro   0x0000000000018909       0x10 build/main.o
 .debug_macro   0x0000000000018919       0x10 build/main.o
 .debug_macro   0x0000000000018929       0x1c build/main.o
 .debug_macro   0x0000000000018945       0x52 build/main.o
 .debug_macro   0x0000000000018997       0x40 build/main.o
 .debug_macro   0x00000000000189d7       0x10 build/main.o
 .debug_macro   0x00000000000189e7       0x40 build/main.o
 .debug_macro   0x0000000000018a27       0xd7 build/main.o
 .debug_macro   0x0000000000018afe       0x1c build/main.o
 .debug_macro   0x0000000000018b1a       0x3d build/main.o
 .debug_macro   0x0000000000018b57       0x16 build/main.o
 .debug_macro   0x0000000000018b6d      0x16f build/main.o
 .debug_macro   0x0000000000018cdc       0x16 build/main.o
 .debug_macro   0x0000000000018cf2      0x154 build/main.o
 .debug_macro   0x0000000000018e46       0x2a build/main.o
 .debug_macro   0x0000000000018e70      0x6ce build/main.o
 .debug_macro   0x000000000001953e       0x16 build/main.o
 .debug_macro   0x0000000000019554      0x132 build/main.o
 .debug_macro   0x0000000000019686       0x1c build/main.o
 .debug_macro   0x00000000000196a2      0x130 build/main.o
 .debug_macro   0x00000000000197d2      0x515 build/KeyboardHID.o
 .debug_macro   0x0000000000019ce7      0x4eb build/Descriptors.o
 .debug_macro   0x000000000001a1d2       0x8e build/Descriptors.o
 .debug_macro   0x000000000001a260       0x51 build/Descriptors.o
 .debug_macro   0x000000000001a2b1       0x5e build/Descriptors.o
 .debug_macro   0x000000000001a30f       0x16 build/Descriptors.o
 .debug_macro   0x000000000001a325      0x20f lib_build/xmc4_scu.o
 .debug_macro   0x000000000001a534       0x9f lib_build/xmc4_scu.o
 .debug_macro   0x000000000001a5d3      0x1b8 lib_build/xmc_gpio.o
 .debug_macro   0x000000000001a78b      0x4fa lib_build/HIDClassDevice.o
 .debug_macro   0x000000000001ac85      0x196 lib_build/memcpy.o
 .debug_macro   0x000000000001ae1b       0x16 lib_build/memcpy.o
 .debug_macro   0x000000000001ae31       0x97 lib_build/memcpy.o
 .debug_macro   0x000000000001aec8       0xf6 lib_build/memcpy.o
 .debug_macro   0x000000000001afbe      0x379 lib_build/Endpoint_XMC4000.o
 .debug_macro   0x000000000001b337       0x10 lib_build/Endpoint_XMC4000.o
 .debug_macro   0x000000000001b347      0x355 lib_build/EndpointStream_XMC4000.o
 .debug_macro   0x000000000001b69c      0x340 lib_build/USBController_XMC4000.o
 .debug_macro   0x000000000001b9dc       0x10 lib_build/USBController_XMC4000.o
 .debug_macro   0x000000000001b9ec       0x47 lib_build/USBController_XMC4000.o
 .debug_macro   0x000000000001ba33       0x80 lib_build/USBController_XMC4000.o
 .debug_macro   0x000000000001bab3      0x1f4 lib_build/xmc_usbd.o
 .debug_macro   0x000000000001bca7      0x211 lib_build/ConfigDescriptors.o
 .debug_macro   0x000000000001beb8       0x1c lib_build/ConfigDescriptors.o
 .debug_macro   0x000000000001bed4      0x1f0 lib_build/HostStandardReq.o
 .debug_macro   0x000000000001c0c4      0x34c lib_build/USBTask.o
 .debug_macro   0x000000000001c410      0x1f9 lib_build/Events.o
 .debug_macro   0x000000000001c609      0x303 lib_build/system_XMC4500.o
 .debug_macro   0x000000000001c90c       0x22 lib_build/system_XMC4500.o
 .debug_macro   0x000000000001c92e      0x191 lib_build/syscalls.o
 .debug_macro   0x000000000001cabf       0x10 lib_build/syscalls.o
 .debug_macro   0x000000000001cacf      0x23b lib_build/syscalls.o