   1              		.cpu cortex-m4
   2              		.eabi_attribute 27, 1
   3              		.eabi_attribute 20, 1
   4              		.eabi_attribute 21, 1
   5              		.eabi_attribute 23, 3
   6              		.eabi_attribute 24, 1
   7              		.eabi_attribute 25, 1
   8              		.eabi_attribute 26, 1
   9              		.eabi_attribute 30, 6
  10              		.eabi_attribute 34, 1
  11              		.eabi_attribute 18, 4
  12              		.file	"memcpy.c"
  13              		.text
  14              	.Ltext0:
  15              		.cfi_sections	.debug_frame
  16              		.section	.text.thumb2_memcpy,"ax",%progbits
  17              		.align	1
  18              		.global	thumb2_memcpy
  19              		.syntax unified
  20              		.thumb
  21              		.thumb_func
  22              		.fpu fpv4-sp-d16
  24              	thumb2_memcpy:
  25              	.LFB3:
  26              		.file 1 "/opt/XMClib/XMC_Peripheral_Library_v2.1.16/ThirdPartyLibraries/USBlib/USB/Common/memcpy.c
   1:/opt/XMClib/XMC_Peripheral_Library_v2.1.16/ThirdPartyLibraries/USBlib/USB/Common/memcpy.c **** /* Copyright (C) 2013 - Adam Green (https://github.com/adamgreen)
   2:/opt/XMClib/XMC_Peripheral_Library_v2.1.16/ThirdPartyLibraries/USBlib/USB/Common/memcpy.c **** 
   3:/opt/XMClib/XMC_Peripheral_Library_v2.1.16/ThirdPartyLibraries/USBlib/USB/Common/memcpy.c ****    Licensed under the Apache License, Version 2.0 (the "License");
   4:/opt/XMClib/XMC_Peripheral_Library_v2.1.16/ThirdPartyLibraries/USBlib/USB/Common/memcpy.c ****    you may not use this file except in compliance with the License.
   5:/opt/XMClib/XMC_Peripheral_Library_v2.1.16/ThirdPartyLibraries/USBlib/USB/Common/memcpy.c ****    You may obtain a copy of the License at
   6:/opt/XMClib/XMC_Peripheral_Library_v2.1.16/ThirdPartyLibraries/USBlib/USB/Common/memcpy.c **** 
   7:/opt/XMClib/XMC_Peripheral_Library_v2.1.16/ThirdPartyLibraries/USBlib/USB/Common/memcpy.c ****        http://www.apache.org/licenses/LICENSE-2.0
   8:/opt/XMClib/XMC_Peripheral_Library_v2.1.16/ThirdPartyLibraries/USBlib/USB/Common/memcpy.c **** 
   9:/opt/XMClib/XMC_Peripheral_Library_v2.1.16/ThirdPartyLibraries/USBlib/USB/Common/memcpy.c ****    Unless required by applicable law or agreed to in writing, software
  10:/opt/XMClib/XMC_Peripheral_Library_v2.1.16/ThirdPartyLibraries/USBlib/USB/Common/memcpy.c ****    distributed under the License is distributed on an "AS IS" BASIS,
  11:/opt/XMClib/XMC_Peripheral_Library_v2.1.16/ThirdPartyLibraries/USBlib/USB/Common/memcpy.c ****    WITHOUT WARRANTIES OR CONDITIONS OF ANY KIND, either express or implied.
  12:/opt/XMClib/XMC_Peripheral_Library_v2.1.16/ThirdPartyLibraries/USBlib/USB/Common/memcpy.c ****    See the License for the specific language governing permissions and
  13:/opt/XMClib/XMC_Peripheral_Library_v2.1.16/ThirdPartyLibraries/USBlib/USB/Common/memcpy.c ****    limitations under the License.
  14:/opt/XMClib/XMC_Peripheral_Library_v2.1.16/ThirdPartyLibraries/USBlib/USB/Common/memcpy.c **** */
  15:/opt/XMClib/XMC_Peripheral_Library_v2.1.16/ThirdPartyLibraries/USBlib/USB/Common/memcpy.c **** 
  16:/opt/XMClib/XMC_Peripheral_Library_v2.1.16/ThirdPartyLibraries/USBlib/USB/Common/memcpy.c **** #include <stdio.h>
  17:/opt/XMClib/XMC_Peripheral_Library_v2.1.16/ThirdPartyLibraries/USBlib/USB/Common/memcpy.c **** 
  18:/opt/XMClib/XMC_Peripheral_Library_v2.1.16/ThirdPartyLibraries/USBlib/USB/Common/memcpy.c **** #if defined(__GNUC__)
  19:/opt/XMClib/XMC_Peripheral_Library_v2.1.16/ThirdPartyLibraries/USBlib/USB/Common/memcpy.c **** /* This is a hand written Thumb-2 assembly language version of the
  20:/opt/XMClib/XMC_Peripheral_Library_v2.1.16/ThirdPartyLibraries/USBlib/USB/Common/memcpy.c ****    standard C memcpy() function that can be used by the lwIP networking
  21:/opt/XMClib/XMC_Peripheral_Library_v2.1.16/ThirdPartyLibraries/USBlib/USB/Common/memcpy.c ****    stack to improve its performance.  It copies 4 bytes at a time and
  22:/opt/XMClib/XMC_Peripheral_Library_v2.1.16/ThirdPartyLibraries/USBlib/USB/Common/memcpy.c ****    unrolls the loop to perform 4 of these copies per loop iteration.
  23:/opt/XMClib/XMC_Peripheral_Library_v2.1.16/ThirdPartyLibraries/USBlib/USB/Common/memcpy.c **** */
  24:/opt/XMClib/XMC_Peripheral_Library_v2.1.16/ThirdPartyLibraries/USBlib/USB/Common/memcpy.c **** __attribute__((naked)) void thumb2_memcpy(void* pDest, const void* pSource, size_t length)
  25:/opt/XMClib/XMC_Peripheral_Library_v2.1.16/ThirdPartyLibraries/USBlib/USB/Common/memcpy.c **** {
  27              		.loc 1 25 0
  28              		.cfi_startproc
  29              		@ Naked Function: prologue and epilogue provided by programmer.
  30              		@ args = 0, pretend = 0, frame = 0
  31              		@ frame_needed = 1, uses_anonymous_args = 0
  26:/opt/XMClib/XMC_Peripheral_Library_v2.1.16/ThirdPartyLibraries/USBlib/USB/Common/memcpy.c ****     __asm (
  32              		.loc 1 26 0
  33              		.syntax unified
  34              	@ 26 "/opt/XMClib/XMC_Peripheral_Library_v2.1.16/ThirdPartyLibraries/USBlib/USB/Common/memcpy.c" 1
  35              		.syntax unified
  36              	.thumb
  37 0000 1309     	    lsrs    r3, r2, #4
  38 0002 11D0     	    beq.n   2$
  39 0004 51F804CB 	1$: ldr     r12, [r1], #4
  40 0008 40F804CB 	    str     r12, [r0], #4
  41 000c 51F804CB 	    ldr     r12, [r1], #4
  42 0010 40F804CB 	    str     r12, [r0], #4
  43 0014 51F804CB 	    ldr     r12, [r1], #4
  44 0018 40F804CB 	    str     r12, [r0], #4
  45 001c 51F804CB 	    ldr     r12, [r1], #4
  46 0020 40F804CB 	    str     r12, [r0], #4
  47 0024 013B     	    subs    r3, #1
  48 0026 EDD1     	    bne     1$
  49              	2$:
  50 0028 12F00F03 	    ands    r3, r2, #0xf
  51 002c 05D0     	    beq.n   4$
  52 002e 11F801CB 	3$: ldrb    r12, [r1], #1
  53 0032 00F801CB 	    strb    r12, [r0], #1
  54 0036 013B     	    subs    r3, #1
  55 0038 F9D1     	    bne     3$
  56 003a 7047     	4$: bx      lr
  57              	
  58              	@ 0 "" 2
  27:/opt/XMClib/XMC_Peripheral_Library_v2.1.16/ThirdPartyLibraries/USBlib/USB/Common/memcpy.c ****         ".syntax unified\n"
  28:/opt/XMClib/XMC_Peripheral_Library_v2.1.16/ThirdPartyLibraries/USBlib/USB/Common/memcpy.c ****         ".thumb\n"
  29:/opt/XMClib/XMC_Peripheral_Library_v2.1.16/ThirdPartyLibraries/USBlib/USB/Common/memcpy.c **** 
  30:/opt/XMClib/XMC_Peripheral_Library_v2.1.16/ThirdPartyLibraries/USBlib/USB/Common/memcpy.c ****         // Copy 16 bytes at a time first.
  31:/opt/XMClib/XMC_Peripheral_Library_v2.1.16/ThirdPartyLibraries/USBlib/USB/Common/memcpy.c ****         "    lsrs    r3, r2, #4\n"
  32:/opt/XMClib/XMC_Peripheral_Library_v2.1.16/ThirdPartyLibraries/USBlib/USB/Common/memcpy.c ****         "    beq.n   2$\n"
  33:/opt/XMClib/XMC_Peripheral_Library_v2.1.16/ThirdPartyLibraries/USBlib/USB/Common/memcpy.c ****         "1$: ldr     r12, [r1], #4\n"
  34:/opt/XMClib/XMC_Peripheral_Library_v2.1.16/ThirdPartyLibraries/USBlib/USB/Common/memcpy.c ****         "    str     r12, [r0], #4\n"
  35:/opt/XMClib/XMC_Peripheral_Library_v2.1.16/ThirdPartyLibraries/USBlib/USB/Common/memcpy.c ****         "    ldr     r12, [r1], #4\n"
  36:/opt/XMClib/XMC_Peripheral_Library_v2.1.16/ThirdPartyLibraries/USBlib/USB/Common/memcpy.c ****         "    str     r12, [r0], #4\n"
  37:/opt/XMClib/XMC_Peripheral_Library_v2.1.16/ThirdPartyLibraries/USBlib/USB/Common/memcpy.c ****         "    ldr     r12, [r1], #4\n"
  38:/opt/XMClib/XMC_Peripheral_Library_v2.1.16/ThirdPartyLibraries/USBlib/USB/Common/memcpy.c ****         "    str     r12, [r0], #4\n"
  39:/opt/XMClib/XMC_Peripheral_Library_v2.1.16/ThirdPartyLibraries/USBlib/USB/Common/memcpy.c ****         "    ldr     r12, [r1], #4\n"
  40:/opt/XMClib/XMC_Peripheral_Library_v2.1.16/ThirdPartyLibraries/USBlib/USB/Common/memcpy.c ****         "    str     r12, [r0], #4\n"
  41:/opt/XMClib/XMC_Peripheral_Library_v2.1.16/ThirdPartyLibraries/USBlib/USB/Common/memcpy.c ****         "    subs    r3, #1\n"
  42:/opt/XMClib/XMC_Peripheral_Library_v2.1.16/ThirdPartyLibraries/USBlib/USB/Common/memcpy.c ****         "    bne     1$\n"
  43:/opt/XMClib/XMC_Peripheral_Library_v2.1.16/ThirdPartyLibraries/USBlib/USB/Common/memcpy.c **** 
  44:/opt/XMClib/XMC_Peripheral_Library_v2.1.16/ThirdPartyLibraries/USBlib/USB/Common/memcpy.c ****         // Copy byte by byte for what is left.
  45:/opt/XMClib/XMC_Peripheral_Library_v2.1.16/ThirdPartyLibraries/USBlib/USB/Common/memcpy.c ****         "2$:\n"
  46:/opt/XMClib/XMC_Peripheral_Library_v2.1.16/ThirdPartyLibraries/USBlib/USB/Common/memcpy.c ****         "    ands    r3, r2, #0xf\n"
  47:/opt/XMClib/XMC_Peripheral_Library_v2.1.16/ThirdPartyLibraries/USBlib/USB/Common/memcpy.c ****         "    beq.n   4$\n"
  48:/opt/XMClib/XMC_Peripheral_Library_v2.1.16/ThirdPartyLibraries/USBlib/USB/Common/memcpy.c ****         "3$: ldrb    r12, [r1], #1\n"
  49:/opt/XMClib/XMC_Peripheral_Library_v2.1.16/ThirdPartyLibraries/USBlib/USB/Common/memcpy.c ****         "    strb    r12, [r0], #1\n"
  50:/opt/XMClib/XMC_Peripheral_Library_v2.1.16/ThirdPartyLibraries/USBlib/USB/Common/memcpy.c ****         "    subs    r3, #1\n"
  51:/opt/XMClib/XMC_Peripheral_Library_v2.1.16/ThirdPartyLibraries/USBlib/USB/Common/memcpy.c ****         "    bne     3$\n"
  52:/opt/XMClib/XMC_Peripheral_Library_v2.1.16/ThirdPartyLibraries/USBlib/USB/Common/memcpy.c **** 
  53:/opt/XMClib/XMC_Peripheral_Library_v2.1.16/ThirdPartyLibraries/USBlib/USB/Common/memcpy.c ****         // Return to caller.
  54:/opt/XMClib/XMC_Peripheral_Library_v2.1.16/ThirdPartyLibraries/USBlib/USB/Common/memcpy.c ****         "4$: bx      lr\n"
  55:/opt/XMClib/XMC_Peripheral_Library_v2.1.16/ThirdPartyLibraries/USBlib/USB/Common/memcpy.c ****     );
  56:/opt/XMClib/XMC_Peripheral_Library_v2.1.16/ThirdPartyLibraries/USBlib/USB/Common/memcpy.c **** }
  59              		.loc 1 56 0
  60              		.thumb
  61              		.syntax unified
  62 003c 00BF     		nop
  63              		.cfi_endproc
  64              	.LFE3:
  66              		.text
  67              	.Letext0:
  68              		.file 2 "/usr/lib/gcc/arm-none-eabi/7.3.1/include/stddef.h"
  69              		.file 3 "/usr/arm-none-eabi/include/sys/lock.h"
  70              		.file 4 "/usr/arm-none-eabi/include/sys/_types.h"
  71              		.file 5 "/usr/arm-none-eabi/include/sys/reent.h"
DEFINED SYMBOLS
                            *ABS*:0000000000000000 memcpy.c
     /tmp/ccPcDtvX.s:17     .text.thumb2_memcpy:0000000000000000 $t
     /tmp/ccPcDtvX.s:24     .text.thumb2_memcpy:0000000000000000 thumb2_memcpy
                           .group:0000000000000000 wm4.0.7a9f4dea188ccacb7d502cdcabb040c1
                           .group:0000000000000000 wm4._newlib_version.h.4.875b979a44719054cd750d0952ad3fd6
                           .group:0000000000000000 wm4.newlib.h.18.5e5ca3429233af402d406a202f1fc1ac
                           .group:0000000000000000 wm4.ieeefp.h.77.220d9cccac42cd58761758bee2df4ce6
                           .group:0000000000000000 wm4.features.h.22.026edb2397769f4ae13f35900dbdb560
                           .group:0000000000000000 wm4.config.h.220.6cac6a9685cfce5e83c17784171638d9
                           .group:0000000000000000 wm4._ansi.h.31.de524f58584151836e90d8620a16f8e8
                           .group:0000000000000000 wm4.stdio.h.31.7c0e28c411445f3f9c5b11accf882760
                           .group:0000000000000000 wm4._default_types.h.6.959254cf5f09734ea7516c89e8bb21bd
                           .group:0000000000000000 wm4.stddef.h.187.2ff233552538c6ff9b8575ca8ea52cb3
                           .group:0000000000000000 wm4.cdefs.h.47.14fad0b327eb9dcf106599b738d85132
                           .group:0000000000000000 wm4.stddef.h.39.a231a87e043a95babfd62cebe88e50f8
                           .group:0000000000000000 wm4.stdarg.h.34.3a23a216c0c293b3d2ea2e89281481e6
                           .group:0000000000000000 wm4.lock.h.2.1461d1fff82dffe8bfddc23307f6484f
                           .group:0000000000000000 wm4._types.h.125.5cf8a495f1f7ef36777ad868a1e32068
                           .group:0000000000000000 wm4.stddef.h.161.5349cb105733e8777bfb0cf53c4e3f34
                           .group:0000000000000000 wm4._types.h.184.03611d4f6b5bec9997bcf4279eceba07
                           .group:0000000000000000 wm4.reent.h.17.90c2574d4acdcfce933db5cb09ff35fe
                           .group:0000000000000000 wm4.types.h.40.e8c16e7ec36ba55f133d0616070e25fc
                           .group:0000000000000000 wm4._stdint.h.10.c24fa3af3bc1706662bb5593a907e841
                           .group:0000000000000000 wm4._endian.h.31.65a10590763c3dde1ac4a7f66d7d4891
                           .group:0000000000000000 wm4.endian.h.9.49f3a4695c1b61e8a0808de3c4a106cb
                           .group:0000000000000000 wm4._timeval.h.30.0e8bfd94e85db17dda3286ee81496fe6
                           .group:0000000000000000 wm4.timespec.h.41.d855182eb0e690443ab8651bcedca6e1
                           .group:0000000000000000 wm4.select.h.19.97ca6fd0c752a0f3b6719fd314d361e6
                           .group:0000000000000000 wm4.types.h.69.ed3eae3cf73030a737515151ebcab7a1
                           .group:0000000000000000 wm4.sched.h.22.c60982713a5c428609783c78f9c78d95
                           .group:0000000000000000 wm4._pthreadtypes.h.36.fcee9961c35163dde6267ef772ad1972
                           .group:0000000000000000 wm4.stdio.h.2.4aa87247282eca6c8f36f9de33d8df1a
                           .group:0000000000000000 wm4.stdio.h.81.932d0c162786b883f622b8d05c120c78

NO UNDEFINED SYMBOLS
